#
# A fatal error has been detected by the Java Runtime Environment:
#
#  SIGSEGV (0xb) at pc=0x0000000109d6e935, pid=2205, tid=259
#
# JRE version: Java(TM) SE Runtime Environment (18.0.2.1+1) (build 18.0.2.1+1-1)
# Java VM: Java HotSpot(TM) 64-Bit Server VM (18.0.2.1+1-1, mixed mode, sharing, tiered, compressed oops, compressed class ptrs, g1 gc, bsd-amd64)
# Problematic frame:
# V  [libjvm.dylib+0x56d935]  jni_NewLocalRef+0x35
#
# No core dump will be written. Core dumps have been disabled. To enable core dumping, try "ulimit -c unlimited" before starting Java again
#
# If you would like to submit a bug report, please visit:
#   https://bugreport.java.com/bugreport/crash.jsp
#

---------------  S U M M A R Y ------------

Command Line: -javaagent:/Applications/IntelliJ IDEA.app/Contents/lib/idea_rt.jar=53343:/Applications/IntelliJ IDEA.app/Contents/bin -Dfile.encoding=UTF-8 -Dsun.stdout.encoding=UTF-8 -Dsun.stderr.encoding=UTF-8 --module-path=/Users/fairyliu/Downloads/demo1/target/classes:/Users/fairyliu/.m2/repository/org/openjfx/javafx-fxml/18.0.1/javafx-fxml-18.0.1-mac.jar:/Users/fairyliu/.m2/repository/org/openjfx/javafx-base/18.0.1/javafx-base-18.0.1-mac.jar:/Users/fairyliu/.m2/repository/org/controlsfx/controlsfx/11.1.1/controlsfx-11.1.1.jar:/Users/fairyliu/.m2/repository/org/openjfx/javafx-graphics/18.0.1/javafx-graphics-18.0.1-mac.jar:/Users/fairyliu/.m2/repository/org/openjfx/javafx-controls/18.0.1/javafx-controls-18.0.1-mac.jar -Djdk.module.main=kernel kernel/kernel.Main

Host: "MacBookPro18,3" x86_64 (EMULATED) 2400 MHz, 8 cores, 16G, Darwin 21.4.0, macOS 12.3 (21E230)
Time: Fri Mar 31 22:24:55 2023 CST elapsed time: 3.688005 seconds (0d 0h 0m 3s)

---------------  T H R E A D  ---------------

Current thread is native thread

Stack: [0x0000000303b87000,0x0000000304387000],  sp=0x00000003043829a0,  free space=8174k
Native frames: (J=compiled Java code, j=interpreted, Vv=VM code, C=native code)
V  [libjvm.dylib+0x56d935]  jni_NewLocalRef+0x35
C  [libawt_lwawt.dylib+0x2d490]  -[CGLLayer drawInCGLContext:pixelFormat:forLayerTime:displayTime:]+0x2b0
C  [QuartzCore+0xc121e]  CAOpenGLLayerDraw(CAOpenGLLayer*, double, CVTimeStamp const*, unsigned int)+0x7dd
C  [QuartzCore+0xc0863]  -[CAOpenGLLayer _display]+0x249
C  [QuartzCore+0x20951]  CA::Layer::display_if_needed(CA::Transaction*)+0x369
C  [QuartzCore+0x177336]  CA::Context::commit_transaction(CA::Transaction*, double, double*)+0x280
C  [QuartzCore+0x2231]  CA::Transaction::commit()+0x309
C  [QuartzCore+0x1ac6d6]  CA::Transaction::flush_as_runloop_observer(bool)+0x80
C  [CoreFoundation+0x7ef75]  __CFRUNLOOP_IS_CALLING_OUT_TO_AN_OBSERVER_CALLBACK_FUNCTION__+0x17
C  [CoreFoundation+0x7ee0a]  __CFRunLoopDoObservers+0x21f
C  [CoreFoundation+0x7e3af]  __CFRunLoopRun+0x46b
C  [CoreFoundation+0x7d884]  CFRunLoopRunSpecific+0x232
C  [libjli.dylib+0x6f32]  CreateExecutionEnvironment+0x182
C  [libjli.dylib+0x2c8c]  JLI_Launch+0x59c
C  [java+0x3c09]  main+0x189
C  0x00000002001bb51e


siginfo: si_signo: 11 (SIGSEGV), si_code: 1 (SEGV_MAPERR), si_addr: 0x0000000000000330

Registers:
RAX=0x000000000000dead, RBX=0x0000000109d6e900, RCX=0x0000000200236600, RDX=0x00007fdc413e8800
RSP=0x00000003043829a0, RBP=0x00000003043829e0, RSI=0x00007fdc50f55849, RDI=0x00007fdc6210bc00
R8 =0x0000000000000000, R9 =0x0000000000000000, R10=0x0000000144be98e0, R11=0x0000000144b38620
R12=0x00007fdc413e8800, R13=0x00006000019f4c40, R14=0x00007fdc50f55849, R15=0x0000000000000000
RIP=0x0000000109d6e935, EFLAGS=0x0000000000000297, ERR=0x0000000000000006
  TRAPNO=0x000000000000000e

Top of Stack: (sp=0x00000003043829a0)
0x00000003043829a0:   00000003043829b0 000000012da7ca33
0x00000003043829b0:   00000003043829d0 0000000144688ead
0x00000003043829c0:   0000000000000010 0000000109d6e900
0x00000003043829d0:   00006000019f4c40 00007fdc6210be90
0x00000003043829e0:   0000000304382a40 0000000144b38490
0x00000003043829f0:   00007fdc413e8800 00007fdc413e8800
0x0000000304382a00:   0000000000000000 40c4bcac22df3b6d
0x0000000304382a10:   0000600002278680 00007ff8059c4700
0x0000000304382a20:   0000600002fa56d0 00006000019f4c40
0x0000000304382a30:   00006000019f4c40 00007fdc13004240
0x0000000304382a40:   0000000304382b00 00007ff80d1b421e
0x0000000304382a50:   0000600000cdb2c0 0000000000000000
0x0000000304382a60:   00006000019f4c40 0000000000000000
0x0000000304382a70:   00000004019f4c40 0000600000f111d0
0x0000000304382a80:   40c4bcac22df3b6d 0000000000000000
0x0000000304382a90:   0000064000000a00 000060000283b4e0
0x0000000304382aa0:   0000000000000004 0000000000000000
0x0000000304382ab0:   0000000000000000 0000000304382ad8
0x0000000304382ac0:   0000000300000000 00007ff80d13431f
0x0000000304382ad0:   c0b55df37e6a0066 00007ff8059c4700
0x0000000304382ae0:   0000000000000004 0000000000000000
0x0000000304382af0:   00006000019f4c40 00007ff8201ff61c
0x0000000304382b00:   0000000304382b80 00007ff80d1b3863
0x0000000304382b10:   00007fdc11308500 4089000000000000
0x0000000304382b20:   4094000000000000 4000000000000000
0x0000000304382b30:   0000000000000000 0000000000000000
0x0000000304382b40:   4094000000000000 4089000000000000
0x0000000304382b50:   c0b55df37e6a0066 0000000304382c50
0x0000000304382b60:   00007fdc11306e40 00007fdc111058b0
0x0000000304382b70:   00007ff82027c3d2 00007fdc51972400
0x0000000304382b80:   0000000304383c50 00007ff80d113951
0x0000000304382b90:   0000000000000000 00007ff80d1137cb 

Instructions: (pc=0x0000000109d6e935)
0x0000000109d6e835:   00 00 00 4d 85 ff 74 11 41 f6 c7 01 75 17 4c 89
0x0000000109d6e845:   ff ff 15 3c d7 6d 00 eb 18 45 31 ff 4d 85 f6 75
0x0000000109d6e855:   18 31 c0 eb 31 49 ff cf 4c 89 ff ff 15 2a d7 6d
0x0000000109d6e865:   00 49 89 c7 4d 85 f6 74 e8 41 f6 c6 01 75 0b 4c
0x0000000109d6e875:   89 f7 ff 15 0b d7 6d 00 eb 0c 49 ff ce 4c 89 f7
0x0000000109d6e885:   ff 15 05 d7 6d 00 45 31 f6 49 39 c7 41 0f 94 c7
0x0000000109d6e895:   49 8b 9c 24 d0 00 00 00 48 8b 43 10 48 83 38 00
0x0000000109d6e8a5:   74 0c 48 89 df e8 31 9c f4 ff 48 8b 43 10 48 8b
0x0000000109d6e8b5:   4b 08 48 89 41 10 48 8b 43 08 48 8b 4b 18 48 89
0x0000000109d6e8c5:   48 18 48 8b 43 08 48 8b 4b 20 48 89 48 20 49 8d
0x0000000109d6e8d5:   bc 24 70 02 00 00 4c 89 e6 e8 fd 02 e9 ff 41 c7
0x0000000109d6e8e5:   84 24 30 03 00 00 04 00 00 00 45 88 fe 44 89 f0
0x0000000109d6e8f5:   5b 41 5c 41 5e 41 5f 5d c3 66 90 55 48 89 e5 41
0x0000000109d6e905:   57 41 56 53 48 83 ec 28 49 89 ff b8 55 21 ff ff
0x0000000109d6e915:   03 87 c8 00 00 00 49 89 f6 49 81 c7 70 fd ff ff
0x0000000109d6e925:   83 f8 02 72 0b 4c 89 ff e8 3e bb 47 00 45 31 ff
0x0000000109d6e935:   41 c7 87 30 03 00 00 06 00 00 00 f0 83 04 24 00
0x0000000109d6e945:   49 8b 87 38 03 00 00 48 a9 01 00 00 00 74 0d 4c
0x0000000109d6e955:   89 ff be 01 00 00 00 e8 bf 9b 3a 00 41 f7 87 20
0x0000000109d6e965:   03 00 00 0d 00 00 00 74 0a 4c 89 ff 31 f6 e8 58
0x0000000109d6e975:   cf 47 00 41 c7 87 30 03 00 00 06 00 00 00 4c 89
0x0000000109d6e985:   7d c8 48 c7 45 d0 00 00 00 00 49 83 7f 08 00 74
0x0000000109d6e995:   09 48 8d 7d c8 e8 41 eb 35 00 4d 85 f6 74 11 41
0x0000000109d6e9a5:   f6 c6 01 75 0f 4c 89 f7 ff 15 4d e4 6d 00 eb 10
0x0000000109d6e9b5:   31 f6 eb 0f 49 ff ce 4c 89 f7 ff 15 7b e3 6d 00
0x0000000109d6e9c5:   48 89 c6 4c 89 ff ba 01 00 00 00 e8 cb 72 03 00
0x0000000109d6e9d5:   49 89 c6 48 83 7d d0 00 74 09 48 8d 7d c8 e8 68
0x0000000109d6e9e5:   eb 35 00 49 8b 9f d0 00 00 00 48 8b 43 10 48 83
0x0000000109d6e9f5:   38 00 74 0c 48 89 df e8 df 9a f4 ff 48 8b 43 10
0x0000000109d6ea05:   48 8b 4b 08 48 89 41 10 48 8b 43 08 48 8b 4b 18
0x0000000109d6ea15:   48 89 48 18 48 8b 43 08 48 8b 4b 20 48 89 48 20
0x0000000109d6ea25:   49 8d bf 70 02 00 00 4c 89 fe e8 ac 01 e9 ff 41 



---------------  P R O C E S S  ---------------

VM state: not at safepoint (normal execution)

VM Mutex/Monitor currently owned by a thread: None

Heap address: 0x0000000700000000, size: 4096 MB, Compressed Oops mode: Zero based, Oop shift amount: 3

CDS archive(s) mapped at: [0x0000000800000000-0x0000000800ba8000-0x0000000800ba8000), size 12222464, SharedBaseAddress: 0x0000000800000000, ArchiveRelocationMode: 0.
Compressed class space mapped at: 0x0000000800c00000-0x0000000840c00000, reserved size: 1073741824
Narrow klass base: 0x0000000800000000, Narrow klass shift: 0, Narrow klass range: 0x100000000

GC Precious Log:
<Skipped>

Heap:
 garbage-first heap   total 266240K, used 49221K [0x0000000700000000, 0x0000000800000000)
  region size 2048K, 22 young (45056K), 2 survivors (4096K)
 Metaspace       used 20745K, committed 21120K, reserved 1114112K
  class space    used 2798K, committed 3008K, reserved 1048576K

Heap Regions: E=young(eden), S=young(survivor), O=old, HS=humongous(starts), HC=humongous(continues), CS=collection set, F=free, OA=open archive, CA=closed archive, TAMS=top-at-mark-start (previous, next)
|   0|0x0000000700000000, 0x0000000700200000, 0x0000000700200000|100%|HS|  |TAMS 0x0000000700000000, 0x0000000700000000| Complete 
|   1|0x0000000700200000, 0x0000000700400000, 0x0000000700400000|100%|HS|  |TAMS 0x0000000700200000, 0x0000000700200000| Complete 
|   2|0x0000000700400000, 0x0000000700400000, 0x0000000700600000|  0%| F|  |TAMS 0x0000000700400000, 0x0000000700400000| Untracked 
|   3|0x0000000700600000, 0x0000000700600000, 0x0000000700800000|  0%| F|  |TAMS 0x0000000700600000, 0x0000000700600000| Untracked 
|   4|0x0000000700800000, 0x0000000700800000, 0x0000000700a00000|  0%| F|  |TAMS 0x0000000700800000, 0x0000000700800000| Untracked 
|   5|0x0000000700a00000, 0x0000000700a00000, 0x0000000700c00000|  0%| F|  |TAMS 0x0000000700a00000, 0x0000000700a00000| Untracked 
|   6|0x0000000700c00000, 0x0000000700c00000, 0x0000000700e00000|  0%| F|  |TAMS 0x0000000700c00000, 0x0000000700c00000| Untracked 
|   7|0x0000000700e00000, 0x0000000700e00000, 0x0000000701000000|  0%| F|  |TAMS 0x0000000700e00000, 0x0000000700e00000| Untracked 
|   8|0x0000000701000000, 0x0000000701000000, 0x0000000701200000|  0%| F|  |TAMS 0x0000000701000000, 0x0000000701000000| Untracked 
|   9|0x0000000701200000, 0x0000000701200000, 0x0000000701400000|  0%| F|  |TAMS 0x0000000701200000, 0x0000000701200000| Untracked 
|  10|0x0000000701400000, 0x0000000701400000, 0x0000000701600000|  0%| F|  |TAMS 0x0000000701400000, 0x0000000701400000| Untracked 
|  11|0x0000000701600000, 0x0000000701600000, 0x0000000701800000|  0%| F|  |TAMS 0x0000000701600000, 0x0000000701600000| Untracked 
|  12|0x0000000701800000, 0x0000000701800000, 0x0000000701a00000|  0%| F|  |TAMS 0x0000000701800000, 0x0000000701800000| Untracked 
|  13|0x0000000701a00000, 0x0000000701a00000, 0x0000000701c00000|  0%| F|  |TAMS 0x0000000701a00000, 0x0000000701a00000| Untracked 
|  14|0x0000000701c00000, 0x0000000701c00000, 0x0000000701e00000|  0%| F|  |TAMS 0x0000000701c00000, 0x0000000701c00000| Untracked 
|  15|0x0000000701e00000, 0x0000000701e00000, 0x0000000702000000|  0%| F|  |TAMS 0x0000000701e00000, 0x0000000701e00000| Untracked 
|  16|0x0000000702000000, 0x0000000702000000, 0x0000000702200000|  0%| F|  |TAMS 0x0000000702000000, 0x0000000702000000| Untracked 
|  17|0x0000000702200000, 0x0000000702200000, 0x0000000702400000|  0%| F|  |TAMS 0x0000000702200000, 0x0000000702200000| Untracked 
|  18|0x0000000702400000, 0x0000000702400000, 0x0000000702600000|  0%| F|  |TAMS 0x0000000702400000, 0x0000000702400000| Untracked 
|  19|0x0000000702600000, 0x0000000702600000, 0x0000000702800000|  0%| F|  |TAMS 0x0000000702600000, 0x0000000702600000| Untracked 
|  20|0x0000000702800000, 0x0000000702800000, 0x0000000702a00000|  0%| F|  |TAMS 0x0000000702800000, 0x0000000702800000| Untracked 
|  21|0x0000000702a00000, 0x0000000702a00000, 0x0000000702c00000|  0%| F|  |TAMS 0x0000000702a00000, 0x0000000702a00000| Untracked 
|  22|0x0000000702c00000, 0x0000000702c00000, 0x0000000702e00000|  0%| F|  |TAMS 0x0000000702c00000, 0x0000000702c00000| Untracked 
|  23|0x0000000702e00000, 0x0000000702e00000, 0x0000000703000000|  0%| F|  |TAMS 0x0000000702e00000, 0x0000000702e00000| Untracked 
|  24|0x0000000703000000, 0x0000000703000000, 0x0000000703200000|  0%| F|  |TAMS 0x0000000703000000, 0x0000000703000000| Untracked 
|  25|0x0000000703200000, 0x0000000703200000, 0x0000000703400000|  0%| F|  |TAMS 0x0000000703200000, 0x0000000703200000| Untracked 
|  26|0x0000000703400000, 0x0000000703400000, 0x0000000703600000|  0%| F|  |TAMS 0x0000000703400000, 0x0000000703400000| Untracked 
|  27|0x0000000703600000, 0x0000000703600000, 0x0000000703800000|  0%| F|  |TAMS 0x0000000703600000, 0x0000000703600000| Untracked 
|  28|0x0000000703800000, 0x0000000703800000, 0x0000000703a00000|  0%| F|  |TAMS 0x0000000703800000, 0x0000000703800000| Untracked 
|  29|0x0000000703a00000, 0x0000000703a00000, 0x0000000703c00000|  0%| F|  |TAMS 0x0000000703a00000, 0x0000000703a00000| Untracked 
|  30|0x0000000703c00000, 0x0000000703c00000, 0x0000000703e00000|  0%| F|  |TAMS 0x0000000703c00000, 0x0000000703c00000| Untracked 
|  31|0x0000000703e00000, 0x0000000703e00000, 0x0000000704000000|  0%| F|  |TAMS 0x0000000703e00000, 0x0000000703e00000| Untracked 
|  32|0x0000000704000000, 0x0000000704000000, 0x0000000704200000|  0%| F|  |TAMS 0x0000000704000000, 0x0000000704000000| Untracked 
|  33|0x0000000704200000, 0x0000000704200000, 0x0000000704400000|  0%| F|  |TAMS 0x0000000704200000, 0x0000000704200000| Untracked 
|  34|0x0000000704400000, 0x0000000704400000, 0x0000000704600000|  0%| F|  |TAMS 0x0000000704400000, 0x0000000704400000| Untracked 
|  35|0x0000000704600000, 0x0000000704600000, 0x0000000704800000|  0%| F|  |TAMS 0x0000000704600000, 0x0000000704600000| Untracked 
|  36|0x0000000704800000, 0x0000000704800000, 0x0000000704a00000|  0%| F|  |TAMS 0x0000000704800000, 0x0000000704800000| Untracked 
|  37|0x0000000704a00000, 0x0000000704a00000, 0x0000000704c00000|  0%| F|  |TAMS 0x0000000704a00000, 0x0000000704a00000| Untracked 
|  38|0x0000000704c00000, 0x0000000704c00000, 0x0000000704e00000|  0%| F|  |TAMS 0x0000000704c00000, 0x0000000704c00000| Untracked 
|  39|0x0000000704e00000, 0x0000000704e00000, 0x0000000705000000|  0%| F|  |TAMS 0x0000000704e00000, 0x0000000704e00000| Untracked 
|  40|0x0000000705000000, 0x0000000705000000, 0x0000000705200000|  0%| F|  |TAMS 0x0000000705000000, 0x0000000705000000| Untracked 
|  41|0x0000000705200000, 0x0000000705200000, 0x0000000705400000|  0%| F|  |TAMS 0x0000000705200000, 0x0000000705200000| Untracked 
|  42|0x0000000705400000, 0x0000000705400000, 0x0000000705600000|  0%| F|  |TAMS 0x0000000705400000, 0x0000000705400000| Untracked 
|  43|0x0000000705600000, 0x0000000705600000, 0x0000000705800000|  0%| F|  |TAMS 0x0000000705600000, 0x0000000705600000| Untracked 
|  44|0x0000000705800000, 0x0000000705800000, 0x0000000705a00000|  0%| F|  |TAMS 0x0000000705800000, 0x0000000705800000| Untracked 
|  45|0x0000000705a00000, 0x0000000705a00000, 0x0000000705c00000|  0%| F|  |TAMS 0x0000000705a00000, 0x0000000705a00000| Untracked 
|  46|0x0000000705c00000, 0x0000000705c00000, 0x0000000705e00000|  0%| F|  |TAMS 0x0000000705c00000, 0x0000000705c00000| Untracked 
|  47|0x0000000705e00000, 0x0000000705e00000, 0x0000000706000000|  0%| F|  |TAMS 0x0000000705e00000, 0x0000000705e00000| Untracked 
|  48|0x0000000706000000, 0x0000000706000000, 0x0000000706200000|  0%| F|  |TAMS 0x0000000706000000, 0x0000000706000000| Untracked 
|  49|0x0000000706200000, 0x0000000706200000, 0x0000000706400000|  0%| F|  |TAMS 0x0000000706200000, 0x0000000706200000| Untracked 
|  50|0x0000000706400000, 0x0000000706400000, 0x0000000706600000|  0%| F|  |TAMS 0x0000000706400000, 0x0000000706400000| Untracked 
|  51|0x0000000706600000, 0x0000000706600000, 0x0000000706800000|  0%| F|  |TAMS 0x0000000706600000, 0x0000000706600000| Untracked 
|  52|0x0000000706800000, 0x0000000706800000, 0x0000000706a00000|  0%| F|  |TAMS 0x0000000706800000, 0x0000000706800000| Untracked 
|  53|0x0000000706a00000, 0x0000000706a00000, 0x0000000706c00000|  0%| F|  |TAMS 0x0000000706a00000, 0x0000000706a00000| Untracked 
|  54|0x0000000706c00000, 0x0000000706c00000, 0x0000000706e00000|  0%| F|  |TAMS 0x0000000706c00000, 0x0000000706c00000| Untracked 
|  55|0x0000000706e00000, 0x0000000706e00000, 0x0000000707000000|  0%| F|  |TAMS 0x0000000706e00000, 0x0000000706e00000| Untracked 
|  56|0x0000000707000000, 0x0000000707000000, 0x0000000707200000|  0%| F|  |TAMS 0x0000000707000000, 0x0000000707000000| Untracked 
|  57|0x0000000707200000, 0x0000000707200000, 0x0000000707400000|  0%| F|  |TAMS 0x0000000707200000, 0x0000000707200000| Untracked 
|  58|0x0000000707400000, 0x0000000707400000, 0x0000000707600000|  0%| F|  |TAMS 0x0000000707400000, 0x0000000707400000| Untracked 
|  59|0x0000000707600000, 0x0000000707600000, 0x0000000707800000|  0%| F|  |TAMS 0x0000000707600000, 0x0000000707600000| Untracked 
|  60|0x0000000707800000, 0x0000000707800000, 0x0000000707a00000|  0%| F|  |TAMS 0x0000000707800000, 0x0000000707800000| Untracked 
|  61|0x0000000707a00000, 0x0000000707a00000, 0x0000000707c00000|  0%| F|  |TAMS 0x0000000707a00000, 0x0000000707a00000| Untracked 
|  62|0x0000000707c00000, 0x0000000707c00000, 0x0000000707e00000|  0%| F|  |TAMS 0x0000000707c00000, 0x0000000707c00000| Untracked 
|  63|0x0000000707e00000, 0x0000000707e00000, 0x0000000708000000|  0%| F|  |TAMS 0x0000000707e00000, 0x0000000707e00000| Untracked 
|  64|0x0000000708000000, 0x0000000708000000, 0x0000000708200000|  0%| F|  |TAMS 0x0000000708000000, 0x0000000708000000| Untracked 
|  65|0x0000000708200000, 0x0000000708200000, 0x0000000708400000|  0%| F|  |TAMS 0x0000000708200000, 0x0000000708200000| Untracked 
|  66|0x0000000708400000, 0x0000000708400000, 0x0000000708600000|  0%| F|  |TAMS 0x0000000708400000, 0x0000000708400000| Untracked 
|  67|0x0000000708600000, 0x0000000708600000, 0x0000000708800000|  0%| F|  |TAMS 0x0000000708600000, 0x0000000708600000| Untracked 
|  68|0x0000000708800000, 0x0000000708800000, 0x0000000708a00000|  0%| F|  |TAMS 0x0000000708800000, 0x0000000708800000| Untracked 
|  69|0x0000000708a00000, 0x0000000708a00000, 0x0000000708c00000|  0%| F|  |TAMS 0x0000000708a00000, 0x0000000708a00000| Untracked 
|  70|0x0000000708c00000, 0x0000000708c00000, 0x0000000708e00000|  0%| F|  |TAMS 0x0000000708c00000, 0x0000000708c00000| Untracked 
|  71|0x0000000708e00000, 0x0000000708e00000, 0x0000000709000000|  0%| F|  |TAMS 0x0000000708e00000, 0x0000000708e00000| Untracked 
|  72|0x0000000709000000, 0x0000000709000000, 0x0000000709200000|  0%| F|  |TAMS 0x0000000709000000, 0x0000000709000000| Untracked 
|  73|0x0000000709200000, 0x0000000709200000, 0x0000000709400000|  0%| F|  |TAMS 0x0000000709200000, 0x0000000709200000| Untracked 
|  74|0x0000000709400000, 0x0000000709400000, 0x0000000709600000|  0%| F|  |TAMS 0x0000000709400000, 0x0000000709400000| Untracked 
|  75|0x0000000709600000, 0x0000000709600000, 0x0000000709800000|  0%| F|  |TAMS 0x0000000709600000, 0x0000000709600000| Untracked 
|  76|0x0000000709800000, 0x0000000709800000, 0x0000000709a00000|  0%| F|  |TAMS 0x0000000709800000, 0x0000000709800000| Untracked 
|  77|0x0000000709a00000, 0x0000000709a00000, 0x0000000709c00000|  0%| F|  |TAMS 0x0000000709a00000, 0x0000000709a00000| Untracked 
|  78|0x0000000709c00000, 0x0000000709c00000, 0x0000000709e00000|  0%| F|  |TAMS 0x0000000709c00000, 0x0000000709c00000| Untracked 
|  79|0x0000000709e00000, 0x0000000709e00000, 0x000000070a000000|  0%| F|  |TAMS 0x0000000709e00000, 0x0000000709e00000| Untracked 
|  80|0x000000070a000000, 0x000000070a000000, 0x000000070a200000|  0%| F|  |TAMS 0x000000070a000000, 0x000000070a000000| Untracked 
|  81|0x000000070a200000, 0x000000070a200000, 0x000000070a400000|  0%| F|  |TAMS 0x000000070a200000, 0x000000070a200000| Untracked 
|  82|0x000000070a400000, 0x000000070a400000, 0x000000070a600000|  0%| F|  |TAMS 0x000000070a400000, 0x000000070a400000| Untracked 
|  83|0x000000070a600000, 0x000000070a600000, 0x000000070a800000|  0%| F|  |TAMS 0x000000070a600000, 0x000000070a600000| Untracked 
|  84|0x000000070a800000, 0x000000070a800000, 0x000000070aa00000|  0%| F|  |TAMS 0x000000070a800000, 0x000000070a800000| Untracked 
|  85|0x000000070aa00000, 0x000000070aa00000, 0x000000070ac00000|  0%| F|  |TAMS 0x000000070aa00000, 0x000000070aa00000| Untracked 
|  86|0x000000070ac00000, 0x000000070ac00000, 0x000000070ae00000|  0%| F|  |TAMS 0x000000070ac00000, 0x000000070ac00000| Untracked 
|  87|0x000000070ae00000, 0x000000070ae00000, 0x000000070b000000|  0%| F|  |TAMS 0x000000070ae00000, 0x000000070ae00000| Untracked 
|  88|0x000000070b000000, 0x000000070b000000, 0x000000070b200000|  0%| F|  |TAMS 0x000000070b000000, 0x000000070b000000| Untracked 
|  89|0x000000070b200000, 0x000000070b200000, 0x000000070b400000|  0%| F|  |TAMS 0x000000070b200000, 0x000000070b200000| Untracked 
|  90|0x000000070b400000, 0x000000070b400000, 0x000000070b600000|  0%| F|  |TAMS 0x000000070b400000, 0x000000070b400000| Untracked 
|  91|0x000000070b600000, 0x000000070b600000, 0x000000070b800000|  0%| F|  |TAMS 0x000000070b600000, 0x000000070b600000| Untracked 
|  92|0x000000070b800000, 0x000000070b800000, 0x000000070ba00000|  0%| F|  |TAMS 0x000000070b800000, 0x000000070b800000| Untracked 
|  93|0x000000070ba00000, 0x000000070ba00000, 0x000000070bc00000|  0%| F|  |TAMS 0x000000070ba00000, 0x000000070ba00000| Untracked 
|  94|0x000000070bc00000, 0x000000070bc00000, 0x000000070be00000|  0%| F|  |TAMS 0x000000070bc00000, 0x000000070bc00000| Untracked 
|  95|0x000000070be00000, 0x000000070be00000, 0x000000070c000000|  0%| F|  |TAMS 0x000000070be00000, 0x000000070be00000| Untracked 
|  96|0x000000070c000000, 0x000000070c000000, 0x000000070c200000|  0%| F|  |TAMS 0x000000070c000000, 0x000000070c000000| Untracked 
|  97|0x000000070c200000, 0x000000070c200000, 0x000000070c400000|  0%| F|  |TAMS 0x000000070c200000, 0x000000070c200000| Untracked 
|  98|0x000000070c400000, 0x000000070c400000, 0x000000070c600000|  0%| F|  |TAMS 0x000000070c400000, 0x000000070c400000| Untracked 
|  99|0x000000070c600000, 0x000000070c600000, 0x000000070c800000|  0%| F|  |TAMS 0x000000070c600000, 0x000000070c600000| Untracked 
| 100|0x000000070c800000, 0x000000070c800000, 0x000000070ca00000|  0%| F|  |TAMS 0x000000070c800000, 0x000000070c800000| Untracked 
| 101|0x000000070ca00000, 0x000000070ca00000, 0x000000070cc00000|  0%| F|  |TAMS 0x000000070ca00000, 0x000000070ca00000| Untracked 
| 102|0x000000070cc00000, 0x000000070cc00000, 0x000000070ce00000|  0%| F|  |TAMS 0x000000070cc00000, 0x000000070cc00000| Untracked 
| 103|0x000000070ce00000, 0x000000070ce00000, 0x000000070d000000|  0%| F|  |TAMS 0x000000070ce00000, 0x000000070ce00000| Untracked 
| 104|0x000000070d000000, 0x000000070d000000, 0x000000070d200000|  0%| F|  |TAMS 0x000000070d000000, 0x000000070d000000| Untracked 
| 105|0x000000070d200000, 0x000000070d200000, 0x000000070d400000|  0%| F|  |TAMS 0x000000070d200000, 0x000000070d200000| Untracked 
| 106|0x000000070d400000, 0x000000070d51c4e8, 0x000000070d600000| 55%| E|  |TAMS 0x000000070d400000, 0x000000070d400000| Complete 
| 107|0x000000070d600000, 0x000000070d800000, 0x000000070d800000|100%| E|CS|TAMS 0x000000070d600000, 0x000000070d600000| Complete 
| 108|0x000000070d800000, 0x000000070da00000, 0x000000070da00000|100%| E|CS|TAMS 0x000000070d800000, 0x000000070d800000| Complete 
| 109|0x000000070da00000, 0x000000070dc00000, 0x000000070dc00000|100%| E|CS|TAMS 0x000000070da00000, 0x000000070da00000| Complete 
| 110|0x000000070dc00000, 0x000000070de00000, 0x000000070de00000|100%| E|CS|TAMS 0x000000070dc00000, 0x000000070dc00000| Complete 
| 111|0x000000070de00000, 0x000000070e000000, 0x000000070e000000|100%| E|CS|TAMS 0x000000070de00000, 0x000000070de00000| Complete 
| 112|0x000000070e000000, 0x000000070e200000, 0x000000070e200000|100%| E|CS|TAMS 0x000000070e000000, 0x000000070e000000| Complete 
| 113|0x000000070e200000, 0x000000070e400000, 0x000000070e400000|100%| E|CS|TAMS 0x000000070e200000, 0x000000070e200000| Complete 
| 114|0x000000070e400000, 0x000000070e600000, 0x000000070e600000|100%| E|CS|TAMS 0x000000070e400000, 0x000000070e400000| Complete 
| 115|0x000000070e600000, 0x000000070e70f178, 0x000000070e800000| 52%| S|CS|TAMS 0x000000070e600000, 0x000000070e600000| Complete 
| 116|0x000000070e800000, 0x000000070ea00000, 0x000000070ea00000|100%| S|CS|TAMS 0x000000070e800000, 0x000000070e800000| Complete 
| 117|0x000000070ea00000, 0x000000070ec00000, 0x000000070ec00000|100%| E|CS|TAMS 0x000000070ea00000, 0x000000070ea00000| Complete 
| 118|0x000000070ec00000, 0x000000070ee00000, 0x000000070ee00000|100%| E|CS|TAMS 0x000000070ec00000, 0x000000070ec00000| Complete 
| 119|0x000000070ee00000, 0x000000070f000000, 0x000000070f000000|100%| E|CS|TAMS 0x000000070ee00000, 0x000000070ee00000| Complete 
| 120|0x000000070f000000, 0x000000070f200000, 0x000000070f200000|100%| E|CS|TAMS 0x000000070f000000, 0x000000070f000000| Complete 
| 121|0x000000070f200000, 0x000000070f400000, 0x000000070f400000|100%| E|CS|TAMS 0x000000070f200000, 0x000000070f200000| Complete 
| 122|0x000000070f400000, 0x000000070f600000, 0x000000070f600000|100%| E|CS|TAMS 0x000000070f400000, 0x000000070f400000| Complete 
| 123|0x000000070f600000, 0x000000070f800000, 0x000000070f800000|100%| E|CS|TAMS 0x000000070f600000, 0x000000070f600000| Complete 
| 124|0x000000070f800000, 0x000000070fa00000, 0x000000070fa00000|100%| E|CS|TAMS 0x000000070f800000, 0x000000070f800000| Complete 
| 125|0x000000070fa00000, 0x000000070fc00000, 0x000000070fc00000|100%| E|CS|TAMS 0x000000070fa00000, 0x000000070fa00000| Complete 
| 126|0x000000070fc00000, 0x000000070fe00000, 0x000000070fe00000|100%| E|CS|TAMS 0x000000070fc00000, 0x000000070fc00000| Complete 
| 127|0x000000070fe00000, 0x0000000710000000, 0x0000000710000000|100%| E|CS|TAMS 0x000000070fe00000, 0x000000070fe00000| Complete 
|2046|0x00000007ffc00000, 0x00000007ffd74000, 0x00000007ffe00000| 72%|OA|  |TAMS 0x00000007ffc00000, 0x00000007ffc00000| Untracked 
|2047|0x00000007ffe00000, 0x00000007ffe72000, 0x0000000800000000| 22%|CA|  |TAMS 0x00000007ffe00000, 0x00000007ffe00000| Untracked 

Card table byte_map: [0x00000001228ad000,0x00000001230ad000] _byte_map_base: 0x000000011f0ad000

Marking Bits (Prev, Next): (CMBitMap*) 0x00007fdc6200aa10, (CMBitMap*) 0x00007fdc6200aa50
 Prev Bits: [0x00000001238ad000, 0x00000001278ad000)
 Next Bits: [0x00000001278ad000, 0x000000012b8ad000)

Polling page: 0x0000000100135000

Metaspace:

Usage:
  Non-class:     17.53 MB used.
      Class:      2.73 MB used.
       Both:     20.26 MB used.

Virtual space:
  Non-class space:       64.00 MB reserved,      17.69 MB ( 28%) committed,  1 nodes.
      Class space:        1.00 GB reserved,       2.94 MB ( <1%) committed,  1 nodes.
             Both:        1.06 GB reserved,      20.62 MB (  2%) committed. 

Chunk freelists:
   Non-Class:  2.20 MB
       Class:  1.10 MB
        Both:  3.29 MB

MaxMetaspaceSize: unlimited
CompressedClassSpaceSize: 1.00 GB
Initial GC threshold: 21.00 MB
Current GC threshold: 21.00 MB
CDS: on
MetaspaceReclaimPolicy: balanced
 - commit_granule_bytes: 65536.
 - commit_granule_words: 8192.
 - virtual_space_node_default_size: 8388608.
 - enlarge_chunks_in_place: 1.
 - new_chunks_are_fully_committed: 0.
 - uncommit_free_chunks: 1.
 - use_allocation_guard: 0.


Internal statistics:

num_allocs_failed_limit: 0.
num_arena_births: 404.
num_arena_deaths: 0.
num_vsnodes_births: 2.
num_vsnodes_deaths: 0.
num_space_committed: 330.
num_space_uncommitted: 0.
num_chunks_returned_to_freelist: 0.
num_chunks_taken_from_freelist: 914.
num_chunk_merges: 0.
num_chunk_splits: 615.
num_chunks_enlarged: 450.
num_inconsistent_stats: 0.

CodeHeap 'non-profiled nmethods': size=120028Kb used=889Kb max_used=889Kb free=119138Kb
 bounds [0x000000011b376000, 0x000000011b5e6000, 0x00000001228ad000]
CodeHeap 'profiled nmethods': size=120028Kb used=4778Kb max_used=4778Kb free=115249Kb
 bounds [0x0000000113e3f000, 0x00000001142ef000, 0x000000011b376000]
CodeHeap 'non-nmethods': size=5704Kb used=1528Kb max_used=1542Kb free=4175Kb
 bounds [0x00000001138ad000, 0x0000000113b1d000, 0x0000000113e3f000]
 total_blobs=3468 nmethods=2555 adapters=827
 compilation: enabled
              stopped_count=0, restarted_count=0
 full_count=0

Compilation events (20 events):
Event: 3.672 Thread 0x00007fdc62011800 2545       3       sun.util.logging.internal.LoggingProviderImpl$JULWrapper::isLoggable (12 bytes)
Event: 3.672 Thread 0x00007fdc62011800 nmethod 2545 0x00000001142e2e90 code [0x00000001142e3040, 0x00000001142e3320]
Event: 3.674 Thread 0x00007fdc62011800 2546       3       jdk.internal.jimage.ImageStringsReader::match (11 bytes)
Event: 3.674 Thread 0x00007fdc3180a400 2548       4       jdk.internal.jimage.ImageStringsReader::unmaskedHashCode (166 bytes)
Event: 3.674 Thread 0x00007fdc62011800 nmethod 2546 0x00000001142e3490 code [0x00000001142e3640, 0x00000001142e3800]
Event: 3.674 Thread 0x00007fdc62011800 2547       3       jdk.internal.jimage.BasicImageReader::match (37 bytes)
Event: 3.674 Thread 0x00007fdc62011800 nmethod 2547 0x00000001142e3910 code [0x00000001142e3ae0, 0x00000001142e3d90]
Event: 3.674 Thread 0x00007fdc62011800 2550       3       jdk.internal.jimage.BasicImageReader::getLocationIndex (52 bytes)
Event: 3.675 Thread 0x00007fdc62011800 nmethod 2550 0x00000001142e3e90 code [0x00000001142e4080, 0x00000001142e4510]
Event: 3.675 Thread 0x00007fdc62011800 2551       3       jdk.internal.jimage.ImageStringsReader::hashCode (8 bytes)
Event: 3.675 Thread 0x00007fdc62011800 nmethod 2551 0x00000001142e4710 code [0x00000001142e48c0, 0x00000001142e4a70]
Event: 3.675 Thread 0x00007fdc62011800 2549       3       jdk.internal.jimage.ImageLocation::verifyName (161 bytes)
Event: 3.676 Thread 0x00007fdc62011800 nmethod 2549 0x00000001142e4b90 code [0x00000001142e4ec0, 0x00000001142e64f0]
Event: 3.676 Thread 0x00007fdc3180a400 nmethod 2548 0x000000011b454110 code [0x000000011b4542a0, 0x000000011b454428]
Event: 3.678 Thread 0x00007fdc62011800 2552       3       java.lang.Thread::interrupted (23 bytes)
Event: 3.678 Thread 0x00007fdc62011800 nmethod 2552 0x00000001142e6e10 code [0x00000001142e6fc0, 0x00000001142e7140]
Event: 3.682 Thread 0x00007fdc62011800 2553       3       java.security.AccessControlContext::optimize (319 bytes)
Event: 3.683 Thread 0x00007fdc62011800 nmethod 2553 0x00000001142e7210 code [0x00000001142e75a0, 0x00000001142e8bb0]
Event: 3.683 Thread 0x00007fdc62011800 2554       3       java.awt.Rectangle::<init> (26 bytes)
Event: 3.683 Thread 0x00007fdc62011800 nmethod 2554 0x00000001142e9210 code [0x00000001142e93c0, 0x00000001142e95f0]

GC Heap History (2 events):
Event: 0.844 GC heap before
{Heap before GC invocations=0 (full 0):
 garbage-first heap   total 266240K, used 22424K [0x0000000700000000, 0x0000000800000000)
  region size 2048K, 11 young (22528K), 0 survivors (0K)
 Metaspace       used 6885K, committed 7104K, reserved 1114112K
  class space    used 807K, committed 896K, reserved 1048576K
}
Event: 0.852 GC heap after
{Heap after GC invocations=1 (full 0):
 garbage-first heap   total 266240K, used 5076K [0x0000000700000000, 0x0000000800000000)
  region size 2048K, 2 young (4096K), 2 survivors (4096K)
 Metaspace       used 6885K, committed 7104K, reserved 1114112K
  class space    used 807K, committed 896K, reserved 1048576K
}

Deoptimization events (20 events):
Event: 3.565 Thread 0x00007fdc6210bc00 DEOPT PACKING pc=0x00000001142c2d60 sp=0x0000000304380b50
Event: 3.565 Thread 0x00007fdc6210bc00 DEOPT UNPACKING pc=0x00000001138ff810 sp=0x0000000304380030 mode 0
Event: 3.566 Thread 0x00007fdc6210bc00 DEOPT PACKING pc=0x00000001142c2d60 sp=0x0000000304380b50
Event: 3.566 Thread 0x00007fdc6210bc00 DEOPT UNPACKING pc=0x00000001138ff810 sp=0x0000000304380030 mode 0
Event: 3.566 Thread 0x00007fdc6210bc00 DEOPT PACKING pc=0x00000001142c2d60 sp=0x0000000304380b50
Event: 3.566 Thread 0x00007fdc6210bc00 DEOPT UNPACKING pc=0x00000001138ff810 sp=0x0000000304380030 mode 0
Event: 3.566 Thread 0x00007fdc6210bc00 DEOPT PACKING pc=0x00000001142c2d60 sp=0x0000000304380b50
Event: 3.566 Thread 0x00007fdc6210bc00 DEOPT UNPACKING pc=0x00000001138ff810 sp=0x0000000304380030 mode 0
Event: 3.567 Thread 0x00007fdc6210bc00 DEOPT PACKING pc=0x00000001142c2d60 sp=0x0000000304380b50
Event: 3.567 Thread 0x00007fdc6210bc00 DEOPT UNPACKING pc=0x00000001138ff810 sp=0x0000000304380030 mode 0
Event: 3.567 Thread 0x00007fdc6210bc00 DEOPT PACKING pc=0x00000001142c2d60 sp=0x0000000304380b50
Event: 3.567 Thread 0x00007fdc6210bc00 DEOPT UNPACKING pc=0x00000001138ff810 sp=0x0000000304380030 mode 0
Event: 3.567 Thread 0x00007fdc6210bc00 DEOPT PACKING pc=0x00000001142c2d60 sp=0x0000000304380b50
Event: 3.567 Thread 0x00007fdc6210bc00 DEOPT UNPACKING pc=0x00000001138ff810 sp=0x0000000304380030 mode 0
Event: 3.567 Thread 0x00007fdc6210bc00 DEOPT PACKING pc=0x00000001142c2d60 sp=0x0000000304380b50
Event: 3.567 Thread 0x00007fdc6210bc00 DEOPT UNPACKING pc=0x00000001138ff810 sp=0x0000000304380030 mode 0
Event: 3.568 Thread 0x00007fdc6210bc00 DEOPT PACKING pc=0x00000001142c2d60 sp=0x0000000304380b50
Event: 3.568 Thread 0x00007fdc6210bc00 DEOPT UNPACKING pc=0x00000001138ff810 sp=0x0000000304380030 mode 0
Event: 3.624 Thread 0x00007fdc51aabe00 DEOPT PACKING pc=0x00000001142d7477 sp=0x0000000306b26a50
Event: 3.624 Thread 0x00007fdc51aabe00 DEOPT UNPACKING pc=0x00000001138ff810 sp=0x0000000306b25f30 mode 0

Classes loaded (20 events):
Event: 3.681 Loading class java/text/AttributedString
Event: 3.682 Loading class java/text/AttributedString done
Event: 3.682 Loading class java/text/AttributedString$AttributedStringIterator
Event: 3.682 Loading class java/text/AttributedCharacterIterator
Event: 3.682 Loading class java/text/AttributedCharacterIterator done
Event: 3.682 Loading class java/text/AttributedString$AttributedStringIterator done
Event: 3.682 Loading class sun/lwawt/macosx/CCustomCursor
Event: 3.682 Loading class sun/lwawt/macosx/CCustomCursor done
Event: 3.683 Loading class java/awt/Container$MouseEventTargetFilter
Event: 3.683 Loading class java/awt/Container$EventTargetFilter
Event: 3.683 Loading class java/awt/Container$EventTargetFilter done
Event: 3.683 Loading class java/awt/Container$MouseEventTargetFilter done
Event: 3.683 Loading class java/awt/LightweightDispatcher$1
Event: 3.683 Loading class java/awt/LightweightDispatcher$1 done
Event: 3.683 Loading class java/awt/event/AWTEventListenerProxy
Event: 3.683 Loading class java/awt/event/AWTEventListenerProxy done
Event: 3.683 Loading class java/awt/Toolkit$SelectiveAWTEventListener
Event: 3.683 Loading class java/awt/Toolkit$SelectiveAWTEventListener done
Event: 3.683 Loading class java/awt/Toolkit$ToolkitEventMulticaster
Event: 3.684 Loading class java/awt/Toolkit$ToolkitEventMulticaster done

Classes unloaded (0 events):
No events

Classes redefined (0 events):
No events

Internal exceptions (20 events):
Event: 3.431 Thread 0x00007fdc6210bc00 Exception <a 'java/io/FileNotFoundException'{0x000000070d89a850}> (0x000000070d89a850) 
thrown [open/src/hotspot/share/prims/jni.cpp, line 516]
Event: 3.444 Thread 0x00007fdc6210bc00 Exception <a 'java/lang/ClassNotFoundException'{0x000000070d8c92b0}: sun/awt/resources/spi/awtosxProvider> (0x000000070d8c92b0) 
thrown [open/src/hotspot/share/classfile/systemDictionary.cpp, line 255]
Event: 3.468 Thread 0x00007fdc6210bc00 Exception <a 'java/lang/NoSuchMethodError'{0x000000070d931e30}: 'java.lang.Object java.lang.invoke.DirectMethodHandle$Holder.invokeStatic(java.lang.Object, int, java.lang.Object)'> (0x000000070d931e30) 
thrown [open/src/hotspot/share/interpreter/linkResolver.cpp, line 759]
Event: 3.470 Thread 0x00007fdc6210bc00 Exception <a 'java/lang/ClassNotFoundException'{0x000000070d963100}: com/apple/laf/resources/spi/aquaProvider> (0x000000070d963100) 
thrown [open/src/hotspot/share/classfile/systemDictionary.cpp, line 255]
Event: 3.527 Thread 0x00007fdc6210bc00 Exception <a 'java/lang/ClassNotFoundException'{0x000000070d628500}: com/sun/swing/internal/plaf/basic/resources/spi/basicProvider> (0x000000070d628500) 
thrown [open/src/hotspot/share/classfile/systemDictionary.cpp, line 255]
Event: 3.532 Thread 0x00007fdc6210bc00 Exception <a 'sun/nio/fs/UnixException'{0x000000070d6393c8}> (0x000000070d6393c8) 
thrown [open/src/hotspot/share/prims/jni.cpp, line 516]
Event: 3.532 Thread 0x00007fdc6210bc00 Exception <a 'sun/nio/fs/UnixException'{0x000000070d63a5d8}> (0x000000070d63a5d8) 
thrown [open/src/hotspot/share/prims/jni.cpp, line 516]
Event: 3.533 Thread 0x00007fdc6210bc00 Exception <a 'sun/nio/fs/UnixException'{0x000000070d63b7e8}> (0x000000070d63b7e8) 
thrown [open/src/hotspot/share/prims/jni.cpp, line 516]
Event: 3.534 Thread 0x00007fdc6210bc00 Exception <a 'sun/nio/fs/UnixException'{0x000000070d63c9f8}> (0x000000070d63c9f8) 
thrown [open/src/hotspot/share/prims/jni.cpp, line 516]
Event: 3.534 Thread 0x00007fdc6210bc00 Exception <a 'sun/nio/fs/UnixException'{0x000000070d63de60}> (0x000000070d63de60) 
thrown [open/src/hotspot/share/prims/jni.cpp, line 516]
Event: 3.579 Thread 0x00007fdc6210bc00 Exception <a 'java/lang/NoSuchMethodError'{0x000000070d789588}: 'int java.lang.invoke.Invokers$Holder.invokeExact_MT(java.lang.Object, java.lang.Object)'> (0x000000070d789588) 
thrown [open/src/hotspot/share/interpreter/linkResolver.cpp, line 759]
Event: 3.590 Thread 0x00007fdc6210bc00 Exception <a 'java/lang/NoSuchMethodError'{0x000000070d7a1d68}: 'java.lang.Object java.lang.invoke.DirectMethodHandle$Holder.newInvokeSpecial(java.lang.Object, java.lang.Object, java.lang.Object, int, java.lang.Object)'> (0x000000070d7a1d68) 
thrown [open/src/hotspot/share/interpreter/linkResolver.cpp, line 759]
Event: 3.591 Thread 0x00007fdc6210bc00 Exception <a 'java/lang/NoSuchMethodError'{0x000000070d7a99f0}: 'java.lang.Object java.lang.invoke.Invokers$Holder.linkToTargetMethod(java.lang.Object, java.lang.Object, int, java.lang.Object, java.lang.Object)'> (0x000000070d7a99f0) 
thrown [open/src/hotspot/share/interpreter/linkResolver.cpp, line 759]
Event: 3.600 Thread 0x00007fdc6210bc00 Exception <a 'java/lang/NoSuchMethodError'{0x000000070d7c4510}: 'java.lang.Object java.lang.invoke.Invokers$Holder.linkToTargetMethod(int, int, int, int, java.lang.Object)'> (0x000000070d7c4510) 
thrown [open/src/hotspot/share/interpreter/linkResolver.cpp, line 759]
Event: 3.601 Thread 0x00007fdc6210bc00 Exception <a 'java/lang/NoSuchMethodError'{0x000000070d7c8358}: 'void java.lang.invoke.DirectMethodHandle$Holder.invokeStatic(java.lang.Object, java.lang.Object, long)'> (0x000000070d7c8358) 
thrown [open/src/hotspot/share/interpreter/linkResolver.cpp, line 759]
Event: 3.607 Thread 0x00007fdc6210bc00 Exception <a 'java/lang/NoSuchMethodError'{0x000000070d7e4990}: 'void java.lang.invoke.DirectMethodHandle$Holder.invokeSpecial(java.lang.Object, java.lang.Object, long)'> (0x000000070d7e4990) 
thrown [open/src/hotspot/share/interpreter/linkResolver.cpp, line 759]
Event: 3.608 Thread 0x00007fdc6210bc00 Exception <a 'java/lang/NoSuchMethodError'{0x000000070d7eadd0}: 'void java.lang.invoke.DirectMethodHandle$Holder.invokeStatic(java.lang.Object, long, long)'> (0x000000070d7eadd0) 
thrown [open/src/hotspot/share/interpreter/linkResolver.cpp, line 759]
Event: 3.608 Thread 0x00007fdc6210bc00 Exception <a 'java/lang/NoSuchMethodError'{0x000000070d7f0948}: 'java.lang.Object java.lang.invoke.DirectMethodHandle$Holder.newInvokeSpecial(java.lang.Object, long)'> (0x000000070d7f0948) 
thrown [open/src/hotspot/share/interpreter/linkResolver.cpp, line 759]
Event: 3.611 Thread 0x00007fdc6210bc00 Exception <a 'java/lang/NoSuchMethodError'{0x000000070d404a30}: 'void java.lang.invoke.DirectMethodHandle$Holder.invokeStatic(java.lang.Object, long)'> (0x000000070d404a30) 
thrown [open/src/hotspot/share/interpreter/linkResolver.cpp, line 759]
Event: 3.674 Thread 0x00007fdc41316200 Exception <a 'sun/nio/fs/UnixException'{0x000000070d47f1b0}> (0x000000070d47f1b0) 
thrown [open/src/hotspot/share/prims/jni.cpp, line 516]

VM Operations (20 events):
Event: 0.921 Executing VM operation: HandshakeAllThreads
Event: 0.921 Executing VM operation: HandshakeAllThreads done
Event: 0.933 Executing VM operation: HandshakeAllThreads
Event: 0.933 Executing VM operation: HandshakeAllThreads done
Event: 0.982 Executing VM operation: HandshakeAllThreads
Event: 0.982 Executing VM operation: HandshakeAllThreads done
Event: 1.253 Executing VM operation: HandshakeAllThreads
Event: 1.254 Executing VM operation: HandshakeAllThreads done
Event: 1.324 Executing VM operation: ICBufferFull
Event: 1.326 Executing VM operation: ICBufferFull done
Event: 1.597 Executing VM operation: HandshakeAllThreads
Event: 1.597 Executing VM operation: HandshakeAllThreads done
Event: 1.885 Executing VM operation: ICBufferFull
Event: 1.887 Executing VM operation: ICBufferFull done
Event: 2.889 Executing VM operation: Cleanup
Event: 2.891 Executing VM operation: Cleanup done
Event: 3.435 Executing VM operation: HandshakeAllThreads
Event: 3.435 Executing VM operation: HandshakeAllThreads done
Event: 3.525 Executing VM operation: HandshakeAllThreads
Event: 3.525 Executing VM operation: HandshakeAllThreads done

Events (20 events):
Event: 3.499 Thread 0x00007fdc519a6e00 Thread added: 0x00007fdc519a6e00
Event: 3.499 Protecting memory [0x000000030661b000,0x000000030661f000] with protection modes 0
Event: 3.524 Thread 0x00007fdc51a5fa00 Thread added: 0x00007fdc51a5fa00
Event: 3.524 Protecting memory [0x000000030671e000,0x0000000306722000] with protection modes 0
Event: 3.599 Thread 0x00007fdc51aa9800 Thread added: 0x00007fdc51aa9800
Event: 3.599 Protecting memory [0x0000000306821000,0x0000000306825000] with protection modes 0
Event: 3.604 Thread 0x00007fdc41316200 Thread added: 0x00007fdc41316200
Event: 3.605 Protecting memory [0x0000000306924000,0x0000000306928000] with protection modes 0
Event: 3.614 Thread 0x00007fdc51aabe00 Thread added: 0x00007fdc51aabe00
Event: 3.614 Protecting memory [0x0000000306a27000,0x0000000306a2b000] with protection modes 0
Event: 3.679 Protecting memory [0x0000000305851000,0x0000000305855000] with protection modes 3
Event: 3.680 Thread 0x00007fdc51913a00 Thread exited: 0x00007fdc51913a00
Event: 3.680 Protecting memory [0x0000000305e03000,0x0000000305e07000] with protection modes 3
Event: 3.680 Thread 0x00007fdc5199dc00 Thread exited: 0x00007fdc5199dc00
Event: 3.680 Protecting memory [0x0000000303b87000,0x0000000303b8b000] with protection modes 3
Event: 3.680 Thread 0x00007fdc6210bc00 Thread exited: 0x00007fdc6210bc00
Event: 3.680 Protecting memory [0x000000030440a000,0x000000030440e000] with protection modes 3
Event: 3.680 Thread 0x00007fdc41008a00 Thread exited: 0x00007fdc41008a00
Event: 3.680 Protecting memory [0x000000030440a000,0x000000030440e000] with protection modes 0
Event: 3.680 Thread 0x00007fdc41008a00 Thread added: 0x00007fdc41008a00


Dynamic libraries:
0x0000000108769000 	/Library/Java/JavaVirtualMachines/jdk-18.0.2.1.jdk/Contents/Home/lib/libjli.dylib
0x00007ff810c1b000 	/usr/lib/libz.1.dylib
0x00007ff810d01000 	/usr/lib/libSystem.B.dylib
0x00007ff810cfc000 	/usr/lib/system/libcache.dylib
0x00007ff810cb8000 	/usr/lib/system/libcommonCrypto.dylib
0x00007ff810ce1000 	/usr/lib/system/libcompiler_rt.dylib
0x00007ff810cd7000 	/usr/lib/system/libcopyfile.dylib
0x00007ff8058b9000 	/usr/lib/system/libcorecrypto.dylib
0x00007ff805977000 	/usr/lib/system/libdispatch.dylib
0x00007ff805b37000 	/usr/lib/system/libdyld.dylib
0x00007ff810cf3000 	/usr/lib/system/libkeymgr.dylib
0x00007ff810c96000 	/usr/lib/system/libmacho.dylib
0x00007ff81030f000 	/usr/lib/system/libquarantine.dylib
0x00007ff810cf1000 	/usr/lib/system/libremovefile.dylib
0x00007ff80a9e8000 	/usr/lib/system/libsystem_asl.dylib
0x00007ff805862000 	/usr/lib/system/libsystem_blocks.dylib
0x00007ff8059fb000 	/usr/lib/system/libsystem_c.dylib
0x00007ff810ce9000 	/usr/lib/system/libsystem_collections.dylib
0x00007ff80f63a000 	/usr/lib/system/libsystem_configuration.dylib
0x00007ff80e8e6000 	/usr/lib/system/libsystem_containermanager.dylib
0x00007ff8109c9000 	/usr/lib/system/libsystem_coreservices.dylib
0x00007ff808091000 	/usr/lib/system/libsystem_darwin.dylib
0x00007ff810cf4000 	/usr/lib/system/libsystem_dnssd.dylib
0x00007ff8059f8000 	/usr/lib/system/libsystem_featureflags.dylib
0x00007ff805b4d000 	/usr/lib/system/libsystem_info.dylib
0x00007ff810c2e000 	/usr/lib/system/libsystem_m.dylib
0x00007ff80594b000 	/usr/lib/system/libsystem_malloc.dylib
0x00007ff80a983000 	/usr/lib/system/libsystem_networkextension.dylib
0x00007ff8084b7000 	/usr/lib/system/libsystem_notify.dylib
0x00007ff81701d000 	/usr/lib/system/libsystem_product_info_filter.dylib
0x00007ff80f63e000 	/usr/lib/system/libsystem_sandbox.dylib
0x00007ff810cee000 	/usr/lib/system/libsystem_secinit.dylib
0x00007ff805af3000 	/usr/lib/system/libsystem_kernel.dylib
0x00007ff805b43000 	/usr/lib/system/libsystem_platform.dylib
0x00007ff805b2b000 	/usr/lib/system/libsystem_pthread.dylib
0x00007ff80c2a0000 	/usr/lib/system/libsystem_symptoms.dylib
0x00007ff8058a0000 	/usr/lib/system/libsystem_trace.dylib
0x00007ff810cc4000 	/usr/lib/system/libunwind.dylib
0x00007ff805864000 	/usr/lib/system/libxpc.dylib
0x00007ff805add000 	/usr/lib/libc++abi.dylib
0x00007ff8059be000 	/usr/lib/libobjc.A.dylib
0x00007ff810ccf000 	/usr/lib/liboah.dylib
0x00007ff805a84000 	/usr/lib/libc++.1.dylib
0x00007ff81ce1a000 	/System/Library/Frameworks/Cocoa.framework/Versions/A/Cocoa
0x00007ff808515000 	/System/Library/Frameworks/AppKit.framework/Versions/C/AppKit
0x00007ff80ba7f000 	/System/Library/Frameworks/CoreData.framework/Versions/A/CoreData
0x00007ff806921000 	/System/Library/Frameworks/Foundation.framework/Versions/C/Foundation
0x00007ff8093a3000 	/System/Library/PrivateFrameworks/UIFoundation.framework/Versions/A/UIFoundation
0x00007ff816d20000 	/System/Library/PrivateFrameworks/RemoteViewServices.framework/Versions/A/RemoteViewServices
0x00007ff80efc4000 	/System/Library/PrivateFrameworks/XCTTargetBootstrap.framework/Versions/A/XCTTargetBootstrap
0x00007ff812bc6000 	/System/Library/PrivateFrameworks/InternationalSupport.framework/Versions/A/InternationalSupport
0x00007ff812c50000 	/System/Library/PrivateFrameworks/UserActivity.framework/Versions/A/UserActivity
0x00007ff811faa000 	/usr/lib/libspindump.dylib
0x00007ff809631000 	/System/Library/Frameworks/UniformTypeIdentifiers.framework/Versions/A/UniformTypeIdentifiers
0x00007ff80d6ed000 	/usr/lib/libapp_launch_measurement.dylib
0x00007ff80c460000 	/System/Library/PrivateFrameworks/CoreAnalytics.framework/Versions/A/CoreAnalytics
0x00007ff80d6f0000 	/System/Library/PrivateFrameworks/CoreAutoLayout.framework/Versions/A/CoreAutoLayout
0x00007ff80e91e000 	/System/Library/Frameworks/Metal.framework/Versions/A/Metal
0x00007ff80f64a000 	/usr/lib/liblangid.dylib
0x00007ff80efc9000 	/System/Library/PrivateFrameworks/CoreSVG.framework/Versions/A/CoreSVG
0x00007ff80aa18000 	/System/Library/PrivateFrameworks/SkyLight.framework/Versions/A/SkyLight
0x00007ff80adb6000 	/System/Library/Frameworks/CoreGraphics.framework/Versions/A/CoreGraphics
0x00007ff8173e0000 	/System/Library/Frameworks/Accelerate.framework/Versions/A/Accelerate
0x00007ff811a29000 	/System/Library/PrivateFrameworks/IconServices.framework/Versions/A/IconServices
0x00007ff80e903000 	/System/Library/Frameworks/IOSurface.framework/Versions/A/IOSurface
0x00007ff80c48e000 	/usr/lib/libDiagnosticMessagesClient.dylib
0x00007ff81aac3000 	/System/Library/Frameworks/ApplicationServices.framework/Versions/A/ApplicationServices
0x00007ff80efb0000 	/System/Library/PrivateFrameworks/DFRFoundation.framework/Versions/A/DFRFoundation
0x00007ff807dfd000 	/usr/lib/libicucore.A.dylib
0x00007ff8139bb000 	/System/Library/Frameworks/AudioToolbox.framework/Versions/A/AudioToolbox
0x00007ff812bd2000 	/System/Library/PrivateFrameworks/DataDetectorsCore.framework/Versions/A/DataDetectorsCore
0x00007ff90eba4000 	/System/Library/PrivateFrameworks/TextInput.framework/Versions/A/TextInput
0x00007ff80a99b000 	/usr/lib/libMobileGestalt.dylib
0x00007ff80ecbc000 	/System/Library/Frameworks/Carbon.framework/Versions/A/Frameworks/HIToolbox.framework/Versions/A/HIToolbox
0x00007ff80d0f3000 	/System/Library/Frameworks/QuartzCore.framework/Versions/A/QuartzCore
0x00007ff807aa4000 	/System/Library/Frameworks/Security.framework/Versions/A/Security
0x00007ff816d58000 	/System/Library/Frameworks/Carbon.framework/Versions/A/Frameworks/SpeechRecognition.framework/Versions/A/SpeechRecognition
0x00007ff80d44d000 	/System/Library/PrivateFrameworks/CoreUI.framework/Versions/A/CoreUI
0x00007ff807370000 	/System/Library/Frameworks/CoreAudio.framework/Versions/A/CoreAudio
0x00007ff80c57d000 	/System/Library/Frameworks/DiskArbitration.framework/Versions/A/DiskArbitration
0x00007ff812396000 	/System/Library/PrivateFrameworks/MultitouchSupport.framework/Versions/A/MultitouchSupport
0x00007ff80a99a000 	/usr/lib/libenergytrace.dylib
0x00007ff808401000 	/System/Library/Frameworks/IOKit.framework/Versions/A/IOKit
0x00007ff817148000 	/System/Library/Frameworks/CoreServices.framework/Versions/A/CoreServices
0x00007ff80d687000 	/System/Library/PrivateFrameworks/PerformanceAnalysis.framework/Versions/A/PerformanceAnalysis
0x00007ffa1dfb0000 	/System/Library/Frameworks/OpenGL.framework/Versions/A/OpenGL
0x00007ff810235000 	/System/Library/PrivateFrameworks/MobileKeyBag.framework/Versions/A/MobileKeyBag
0x00007ff80b4e0000 	/System/Library/Frameworks/ColorSync.framework/Versions/A/ColorSync
0x00007ff805b78000 	/System/Library/Frameworks/CoreFoundation.framework/Versions/A/CoreFoundation
0x00007ff80f240000 	/System/Library/Frameworks/CoreImage.framework/Versions/A/CoreImage
0x00007ff807188000 	/System/Library/Frameworks/CoreText.framework/Versions/A/CoreText
0x00007ff80eff9000 	/System/Library/Frameworks/ImageIO.framework/Versions/A/ImageIO
0x00007ff810d07000 	/System/Library/PrivateFrameworks/SoftLinking.framework/Versions/A/SoftLinking
0x00007ff80d738000 	/usr/lib/libxml2.2.dylib
0x00007ff810f88000 	/usr/lib/libcompression.dylib
0x00007ff812af9000 	/System/Library/PrivateFrameworks/TextureIO.framework/Versions/A/TextureIO
0x00007ff8116a2000 	/usr/lib/libate.dylib
0x00007ff811460000 	/usr/lib/liblzma.5.dylib
0x00007ff806634000 	/System/Library/Frameworks/SystemConfiguration.framework/Versions/A/SystemConfiguration
0x00007ff810d03000 	/usr/lib/libfakelink.dylib
0x00007ff80a4f4000 	/System/Library/Frameworks/CFNetwork.framework/Versions/A/CFNetwork
0x00007ff810e44000 	/usr/lib/libarchive.2.dylib
0x00007ff80f646000 	/System/Library/PrivateFrameworks/AppleSystemInfo.framework/Versions/A/AppleSystemInfo
0x00007ff810336000 	/usr/lib/libbsm.0.dylib
0x00007ff809b07000 	/usr/lib/libnetwork.dylib
0x00007ff810c9c000 	/usr/lib/system/libkxld.dylib
0x00007ff80ff62000 	/System/Library/PrivateFrameworks/IOMobileFramebuffer.framework/Versions/A/IOMobileFramebuffer
0x00007ffb1d699000 	/usr/lib/libCoreEntitlements.dylib
0x00007ff8109ab000 	/System/Library/PrivateFrameworks/AppleFSCompression.framework/Versions/A/AppleFSCompression
0x00007ff81031e000 	/usr/lib/libcoretls.dylib
0x00007ff81147a000 	/usr/lib/libcoretls_cfhelpers.dylib
0x00007ff810f83000 	/usr/lib/libpam.2.dylib
0x00007ff80bec3000 	/usr/lib/libsqlite3.dylib
0x00007ff8114e9000 	/usr/lib/libxar.1.dylib
0x00007ff8109bb000 	/usr/lib/libbz2.1.0.dylib
0x00007ff810d08000 	/usr/lib/libpcap.A.dylib
0x00007ff80c298000 	/usr/lib/libdns_services.dylib
0x00007ff810f56000 	/usr/lib/libapple_nghttp2.dylib
0x00007ff810d42000 	/usr/lib/libiconv.2.dylib
0x00007ff810c95000 	/usr/lib/libcharset.1.dylib
0x00007ff80d6bb000 	/System/Library/Frameworks/CoreServices.framework/Versions/A/Frameworks/FSEvents.framework/Versions/A/FSEvents
0x00007ff80809b000 	/System/Library/Frameworks/CoreServices.framework/Versions/A/Frameworks/CarbonCore.framework/Versions/A/CarbonCore
0x00007ff80c4e1000 	/System/Library/Frameworks/CoreServices.framework/Versions/A/Frameworks/Metadata.framework/Versions/A/Metadata
0x00007ff8109ce000 	/System/Library/Frameworks/CoreServices.framework/Versions/A/Frameworks/OSServices.framework/Versions/A/OSServices
0x00007ff810ecb000 	/System/Library/Frameworks/CoreServices.framework/Versions/A/Frameworks/SearchKit.framework/Versions/A/SearchKit
0x00007ff80c22b000 	/System/Library/Frameworks/CoreServices.framework/Versions/A/Frameworks/AE.framework/Versions/A/AE
0x00007ff806079000 	/System/Library/Frameworks/CoreServices.framework/Versions/A/Frameworks/LaunchServices.framework/Versions/A/LaunchServices
0x00007ff811411000 	/System/Library/Frameworks/CoreServices.framework/Versions/A/Frameworks/DictionaryServices.framework/Versions/A/DictionaryServices
0x00007ff80d6c8000 	/System/Library/Frameworks/CoreServices.framework/Versions/A/Frameworks/SharedFileList.framework/Versions/A/SharedFileList
0x00007ff810312000 	/usr/lib/libCheckFix.dylib
0x00007ff80a9ff000 	/System/Library/PrivateFrameworks/TCC.framework/Versions/A/TCC
0x00007ff80f64c000 	/System/Library/PrivateFrameworks/CoreNLP.framework/Versions/A/CoreNLP
0x00007ff80c491000 	/System/Library/PrivateFrameworks/MetadataUtilities.framework/Versions/A/MetadataUtilities
0x00007ff8066e4000 	/usr/lib/libmecabra.dylib
0x00007ff810346000 	/usr/lib/libmecab.dylib
0x00007ff8066af000 	/usr/lib/libCRFSuite.dylib
0x00007ff8103a0000 	/usr/lib/libgermantok.dylib
0x00007ff810f31000 	/usr/lib/libThaiTokenizer.dylib
0x00007ff80c584000 	/System/Library/Frameworks/Accelerate.framework/Versions/A/Frameworks/vImage.framework/Versions/A/vImage
0x00007ff81711f000 	/System/Library/Frameworks/Accelerate.framework/Versions/A/Frameworks/vecLib.framework/Versions/A/vecLib
0x00007ff81152a000 	/System/Library/Frameworks/Accelerate.framework/Versions/A/Frameworks/vecLib.framework/Versions/A/libvMisc.dylib
0x00007ff80fd61000 	/System/Library/Frameworks/Accelerate.framework/Versions/A/Frameworks/vecLib.framework/Versions/A/libvDSP.dylib
0x00007ff8063f3000 	/System/Library/Frameworks/Accelerate.framework/Versions/A/Frameworks/vecLib.framework/Versions/A/libBLAS.dylib
0x00007ff811066000 	/System/Library/Frameworks/Accelerate.framework/Versions/A/Frameworks/vecLib.framework/Versions/A/libLAPACK.dylib
0x00007ff8103a3000 	/System/Library/Frameworks/Accelerate.framework/Versions/A/Frameworks/vecLib.framework/Versions/A/libLinearAlgebra.dylib
0x00007ff810f6e000 	/System/Library/Frameworks/Accelerate.framework/Versions/A/Frameworks/vecLib.framework/Versions/A/libSparseBLAS.dylib
0x00007ff811060000 	/System/Library/Frameworks/Accelerate.framework/Versions/A/Frameworks/vecLib.framework/Versions/A/libQuadrature.dylib
0x00007ff80f737000 	/System/Library/Frameworks/Accelerate.framework/Versions/A/Frameworks/vecLib.framework/Versions/A/libBNNS.dylib
0x00007ff8065c5000 	/System/Library/Frameworks/Accelerate.framework/Versions/A/Frameworks/vecLib.framework/Versions/A/libSparse.dylib
0x00007ff80f730000 	/System/Library/PrivateFrameworks/LinguisticData.framework/Versions/A/LinguisticData
0x00007ff80657b000 	/System/Library/PrivateFrameworks/Lexicon.framework/Versions/A/Lexicon
0x00007ff811523000 	/usr/lib/libChineseTokenizer.dylib
0x00007ff806cdd000 	/System/Library/PrivateFrameworks/LanguageModeling.framework/Versions/A/LanguageModeling
0x00007ff810f33000 	/System/Library/PrivateFrameworks/AppleSauce.framework/Versions/A/AppleSauce
0x00007ff80ff50000 	/System/Library/PrivateFrameworks/CoreEmoji.framework/Versions/A/CoreEmoji
0x00007ff810e33000 	/usr/lib/libcmph.dylib
0x00007ff80d69f000 	/System/Library/Frameworks/OpenDirectory.framework/Versions/A/Frameworks/CFOpenDirectory.framework/Versions/A/CFOpenDirectory
0x00007ff80d693000 	/System/Library/Frameworks/OpenDirectory.framework/Versions/A/OpenDirectory
0x00007ff81147c000 	/System/Library/PrivateFrameworks/APFS.framework/Versions/A/APFS
0x00007ff81026d000 	/System/Library/Frameworks/SecurityFoundation.framework/Versions/A/SecurityFoundation
0x00007ff8114f7000 	/usr/lib/libutil.dylib
0x00007ff8083c5000 	/System/Library/PrivateFrameworks/CoreServicesStore.framework/Versions/A/CoreServicesStore
0x00007ff8114fb000 	/usr/lib/libxslt.1.dylib
0x00007ff8102fa000 	/System/Library/PrivateFrameworks/BackgroundTaskManagement.framework/Versions/A/BackgroundTaskManagement
0x00007ff812a1a000 	/System/Library/Frameworks/ImageIO.framework/Versions/A/Resources/libRadiance.dylib
0x00007ff812a23000 	/System/Library/Frameworks/ImageIO.framework/Versions/A/Resources/libJPEG.dylib
0x00007ff812975000 	/System/Library/Frameworks/ImageIO.framework/Versions/A/Resources/libPng.dylib
0x00007ff812996000 	/System/Library/Frameworks/ImageIO.framework/Versions/A/Resources/libTIFF.dylib
0x00007ff812a82000 	/System/Library/Frameworks/ImageIO.framework/Versions/A/Resources/libGIF.dylib
0x00007ff8122b2000 	/System/Library/Frameworks/ImageIO.framework/Versions/A/Resources/libJP2.dylib
0x00007ff8119f0000 	/usr/lib/libexpat.1.dylib
0x00007ff812267000 	/System/Library/PrivateFrameworks/AppleJPEG.framework/Versions/A/AppleJPEG
0x00007ff80eb80000 	/System/Library/PrivateFrameworks/FontServices.framework/libFontParser.dylib
0x00007ff80c1d5000 	/System/Library/PrivateFrameworks/RunningBoardServices.framework/Versions/A/RunningBoardServices
0x00007ff81d3d2000 	/System/Library/PrivateFrameworks/IOSurfaceAccelerator.framework/Versions/A/IOSurfaceAccelerator
0x00007ff812392000 	/System/Library/PrivateFrameworks/WatchdogClient.framework/Versions/A/WatchdogClient
0x00007ff806dcb000 	/System/Library/Frameworks/CoreDisplay.framework/Versions/A/CoreDisplay
0x00007ff80ea7e000 	/System/Library/Frameworks/CoreMedia.framework/Versions/A/CoreMedia
0x00007ff80e915000 	/System/Library/PrivateFrameworks/IOAccelerator.framework/Versions/A/IOAccelerator
0x00007ff80d81c000 	/System/Library/Frameworks/CoreVideo.framework/Versions/A/CoreVideo
0x00007ff810f81000 	/System/Library/Frameworks/MetalPerformanceShaders.framework/Versions/A/MetalPerformanceShaders
0x00007ff8123cf000 	/System/Library/Frameworks/VideoToolbox.framework/Versions/A/VideoToolbox
0x00007ff80c11f000 	/System/Library/PrivateFrameworks/BaseBoard.framework/Versions/A/BaseBoard
0x00007ff80bea9000 	/System/Library/PrivateFrameworks/ProtocolBuffer.framework/Versions/A/ProtocolBuffer
0x00007ff812a13000 	/System/Library/PrivateFrameworks/GPUWrangler.framework/Versions/A/GPUWrangler
0x00007ff8129f7000 	/System/Library/PrivateFrameworks/IOPresentment.framework/Versions/A/IOPresentment
0x00007ff812a1d000 	/System/Library/PrivateFrameworks/DSExternalDisplay.framework/Versions/A/DSExternalDisplay
0x00007ffa1dfa4000 	/System/Library/Frameworks/OpenGL.framework/Versions/A/Libraries/libCoreFSCache.dylib
0x00007ffb0ae42000 	/System/Library/PrivateFrameworks/GPUCompiler.framework/Versions/31001/Libraries/libGPUCompilerUtils.dylib
0x00007ff812a87000 	/System/Library/PrivateFrameworks/CMCaptureCore.framework/Versions/A/CMCaptureCore
0x00007ff811f98000 	/System/Library/PrivateFrameworks/AppServerSupport.framework/Versions/A/AppServerSupport
0x00007ff814253000 	/System/Library/PrivateFrameworks/perfdata.framework/Versions/A/perfdata
0x00007ff806ef7000 	/System/Library/PrivateFrameworks/AudioToolboxCore.framework/Versions/A/AudioToolboxCore
0x00007ff80ea5c000 	/System/Library/PrivateFrameworks/caulk.framework/Versions/A/caulk
0x00007ff813b65000 	/usr/lib/libAudioStatistics.dylib
0x00007ff90b352000 	/System/Library/PrivateFrameworks/SystemPolicy.framework/Versions/A/SystemPolicy
0x00007ff813dc0000 	/usr/lib/libSMC.dylib
0x00007ff81cccd000 	/System/Library/Frameworks/CoreMIDI.framework/Versions/A/CoreMIDI
0x00007ff812944000 	/usr/lib/libAudioToolboxUtility.dylib
0x00007ff9075f5000 	/System/Library/PrivateFrameworks/OSAServicesClient.framework/Versions/A/OSAServicesClient
0x00007ff814260000 	/usr/lib/libperfcheck.dylib
0x00007ff90bdfc000 	/usr/lib/libmis.dylib
0x00007ffa1dfff000 	/System/Library/Frameworks/OpenGL.framework/Versions/A/Libraries/libGLU.dylib
0x00007ffa1dfc3000 	/System/Library/Frameworks/OpenGL.framework/Versions/A/Libraries/libGFXShared.dylib
0x00007ffa1e1cc000 	/System/Library/Frameworks/OpenGL.framework/Versions/A/Libraries/libGL.dylib
0x00007ffa1dfcc000 	/System/Library/Frameworks/OpenGL.framework/Versions/A/Libraries/libGLImage.dylib
0x00007ffa1dfc0000 	/System/Library/Frameworks/OpenGL.framework/Versions/A/Libraries/libCVMSPluginSupport.dylib
0x00007ffa1dfab000 	/System/Library/Frameworks/OpenGL.framework/Versions/A/Libraries/libCoreVMClient.dylib
0x00007ff80f5c8000 	/System/Library/Frameworks/MetalPerformanceShaders.framework/Versions/A/Frameworks/MPSCore.framework/Versions/A/MPSCore
0x00007ff810916000 	/System/Library/Frameworks/MetalPerformanceShaders.framework/Versions/A/Frameworks/MPSImage.framework/Versions/A/MPSImage
0x00007ff8103b9000 	/System/Library/Frameworks/MetalPerformanceShaders.framework/Versions/A/Frameworks/MPSNeuralNetwork.framework/Versions/A/MPSNeuralNetwork
0x00007ff81082d000 	/System/Library/Frameworks/MetalPerformanceShaders.framework/Versions/A/Frameworks/MPSMatrix.framework/Versions/A/MPSMatrix
0x00007ff8105e8000 	/System/Library/Frameworks/MetalPerformanceShaders.framework/Versions/A/Frameworks/MPSRayIntersector.framework/Versions/A/MPSRayIntersector
0x00007ff810865000 	/System/Library/Frameworks/MetalPerformanceShaders.framework/Versions/A/Frameworks/MPSNDArray.framework/Versions/A/MPSNDArray
0x00007ffa22f2c000 	/System/Library/Frameworks/MetalPerformanceShaders.framework/Versions/A/Frameworks/MPSFunctions.framework/Versions/A/MPSFunctions
0x00007ff8062d0000 	/System/Library/PrivateFrameworks/MetalTools.framework/Versions/A/MetalTools
0x00007ff80f644000 	/System/Library/PrivateFrameworks/AggregateDictionary.framework/Versions/A/AggregateDictionary
0x00007ff8117d2000 	/usr/lib/libIOReport.dylib
0x00007ffa1f5db000 	/System/Library/Frameworks/OpenCL.framework/Versions/A/OpenCL
0x00007ff811b36000 	/System/Library/PrivateFrameworks/FaceCore.framework/Versions/A/FaceCore
0x00007ff811b27000 	/System/Library/PrivateFrameworks/GraphVisualizer.framework/Versions/A/GraphVisualizer
0x00007ffb0ad4d000 	/System/Library/PrivateFrameworks/FontServices.framework/Versions/A/FontServices
0x00007ff811f50000 	/System/Library/PrivateFrameworks/OTSVG.framework/Versions/A/OTSVG
0x00007ff80d403000 	/System/Library/Frameworks/ApplicationServices.framework/Versions/A/Frameworks/ATS.framework/Versions/A/Resources/libFontRegistry.dylib
0x00007ff811fa0000 	/System/Library/PrivateFrameworks/FontServices.framework/libhvf.dylib
0x00007ffb0ad4e000 	/System/Library/PrivateFrameworks/FontServices.framework/libXTFontStaticRegistryData.dylib
0x00007ff8119a0000 	/System/Library/PrivateFrameworks/AppleVA.framework/Versions/A/AppleVA
0x00007ff813b85000 	/System/Library/Frameworks/ApplicationServices.framework/Versions/A/Frameworks/ATS.framework/Versions/A/ATS
0x00007ff80b5dc000 	/System/Library/Frameworks/ApplicationServices.framework/Versions/A/Frameworks/HIServices.framework/Versions/A/HIServices
0x00007ff812a91000 	/System/Library/Frameworks/ApplicationServices.framework/Versions/A/Frameworks/PrintCore.framework/Versions/A/PrintCore
0x00007ff813f13000 	/System/Library/Frameworks/ApplicationServices.framework/Versions/A/Frameworks/QD.framework/Versions/A/QD
0x00007ff813f0b000 	/System/Library/Frameworks/ApplicationServices.framework/Versions/A/Frameworks/ColorSyncLegacy.framework/Versions/A/ColorSyncLegacy
0x00007ff813b75000 	/System/Library/Frameworks/ApplicationServices.framework/Versions/A/Frameworks/SpeechSynthesis.framework/Versions/A/SpeechSynthesis
0x00007ff812a52000 	/System/Library/Frameworks/ApplicationServices.framework/Versions/A/Frameworks/ATSUI.framework/Versions/A/ATSUI
0x00007ff813ea0000 	/usr/lib/libcups.2.dylib
0x00007ff81426f000 	/System/Library/Frameworks/Kerberos.framework/Versions/A/Kerberos
0x00007ff81427e000 	/System/Library/Frameworks/GSS.framework/Versions/A/GSS
0x00007ff813bf1000 	/usr/lib/libresolv.9.dylib
0x00007ff811faf000 	/System/Library/PrivateFrameworks/Heimdal.framework/Versions/A/Heimdal
0x00007ff81ae4b000 	/System/Library/Frameworks/Kerberos.framework/Versions/A/Libraries/libHeimdalProxy.dylib
0x00007ff80c2a8000 	/System/Library/Frameworks/Network.framework/Versions/A/Network
0x00007ff811a0a000 	/usr/lib/libheimdal-asn1.dylib
0x00007ff8142c9000 	/System/Library/PrivateFrameworks/CommonAuth.framework/Versions/A/CommonAuth
0x00007ff813af7000 	/System/Library/PrivateFrameworks/AudioSession.framework/Versions/A/AudioSession
0x00007ff811a9a000 	/System/Library/PrivateFrameworks/MediaExperience.framework/Versions/A/MediaExperience
0x00007ff81398a000 	/System/Library/PrivateFrameworks/AudioSession.framework/libSessionUtility.dylib
0x00007ff813f1f000 	/System/Library/PrivateFrameworks/AudioResourceArbitration.framework/Versions/A/AudioResourceArbitration
0x00007ff817f92000 	/System/Library/PrivateFrameworks/PowerLog.framework/Versions/A/PowerLog
0x00007ff811a13000 	/System/Library/PrivateFrameworks/IconFoundation.framework/Versions/A/IconFoundation
0x00007ff816d48000 	/System/Library/PrivateFrameworks/SpeechRecognitionCore.framework/Versions/A/SpeechRecognitionCore
0x0000000109801000 	/Library/Java/JavaVirtualMachines/jdk-18.0.2.1.jdk/Contents/Home/lib/server/libjvm.dylib
0x00000001087f9000 	/Library/Java/JavaVirtualMachines/jdk-18.0.2.1.jdk/Contents/Home/lib/libjimage.dylib
0x000000010882b000 	/Library/Java/JavaVirtualMachines/jdk-18.0.2.1.jdk/Contents/Home/lib/libinstrument.dylib
0x0000000108881000 	/Library/Java/JavaVirtualMachines/jdk-18.0.2.1.jdk/Contents/Home/lib/libjava.dylib
0x0000000109493000 	/Library/Java/JavaVirtualMachines/jdk-18.0.2.1.jdk/Contents/Home/lib/libnio.dylib
0x00000001094cc000 	/Library/Java/JavaVirtualMachines/jdk-18.0.2.1.jdk/Contents/Home/lib/libnet.dylib
0x000000010957b000 	/Library/Java/JavaVirtualMachines/jdk-18.0.2.1.jdk/Contents/Home/lib/libzip.dylib
0x00000001097a4000 	/Users/fairyliu/.openjfx/cache/18.0.1+2/libprism_es2.dylib
0x00007ff808387000 	/System/Library/PrivateFrameworks/CoreServicesInternal.framework/Versions/A/CoreServicesInternal
0x00007ffa1e1d7000 	/System/Library/Frameworks/OpenGL.framework/Versions/A/Resources/GLEngine.bundle/GLEngine
0x00007ffa1e03d000 	/System/Library/Frameworks/OpenGL.framework/Versions/A/Libraries/libGLProgrammability.dylib
0x000000012da66000 	/System/Library/Extensions/AppleMetalOpenGLRenderer.bundle/Contents/MacOS/AppleMetalOpenGLRenderer
0x00007ffa1e361000 	/System/Library/Frameworks/OpenGL.framework/Versions/A/Resources/GLRendererFloat.bundle/GLRendererFloat
0x00007ffa14bac000 	/System/Library/Extensions/AGXMetalG13X.bundle/Contents/MacOS/AGXMetalG13X
0x00007ff90be17000 	/System/Library/PrivateFrameworks/GPURawCounter.framework/Versions/A/GPURawCounter
0x00007ff90679d000 	/System/Library/PrivateFrameworks/IOGPU.framework/Versions/A/IOGPU
0x00000001341d3000 	/Users/fairyliu/.openjfx/cache/18.0.1+2/libglass.dylib
0x00007ff818583000 	/System/Library/Frameworks/FileProvider.framework/Versions/A/FileProvider
0x00007ff80c08c000 	/System/Library/Frameworks/Accounts.framework/Versions/A/Accounts
0x00007ff8186fc000 	/System/Library/PrivateFrameworks/GenerationalStorage.framework/Versions/A/GenerationalStorage
0x00007ff81920f000 	/System/Library/PrivateFrameworks/CoreSymbolication.framework/Versions/A/CoreSymbolication
0x00007ff817f87000 	/System/Library/PrivateFrameworks/SymptomDiagnosticReporter.framework/Versions/A/SymptomDiagnosticReporter
0x00007ff809645000 	/System/Library/PrivateFrameworks/DesktopServicesPriv.framework/Versions/A/DesktopServicesPriv
0x00007ff8084c6000 	/usr/lib/libsandbox.1.dylib
0x00007ff80d89b000 	/System/Library/PrivateFrameworks/UserManagement.framework/Versions/A/UserManagement
0x00007ff8191d4000 	/System/Library/PrivateFrameworks/DebugSymbols.framework/Versions/A/DebugSymbols
0x00007ff813f00000 	/System/Library/PrivateFrameworks/NetAuth.framework/Versions/A/NetAuth
0x00007ff814e0d000 	/System/Library/PrivateFrameworks/Sharing.framework/Versions/A/Sharing
0x00007ff80d86e000 	/System/Library/PrivateFrameworks/login.framework/Versions/A/Frameworks/loginsupport.framework/Versions/A/loginsupport
0x00007ff81a372000 	/System/Library/PrivateFrameworks/Apple80211.framework/Versions/A/Apple80211
0x00007ff8109fb000 	/System/Library/PrivateFrameworks/AuthKit.framework/Versions/A/AuthKit
0x00007ff810046000 	/System/Library/PrivateFrameworks/CoreUtils.framework/Versions/A/CoreUtils
0x00007ff80ff6d000 	/System/Library/Frameworks/CoreWLAN.framework/Versions/A/CoreWLAN
0x00007ff814f6c000 	/System/Library/Frameworks/IOBluetooth.framework/Versions/A/IOBluetooth
0x00007ff81a3da000 	/System/Library/PrivateFrameworks/CoreWiFi.framework/Versions/A/CoreWiFi
0x00007ff818da6000 	/System/Library/PrivateFrameworks/FrontBoardServices.framework/Versions/A/FrontBoardServices
0x00007ff818e37000 	/System/Library/PrivateFrameworks/BoardServices.framework/Versions/A/BoardServices
0x00007ff81025c000 	/System/Library/PrivateFrameworks/AssertionServices.framework/Versions/A/AssertionServices
0x00007ff81a55d000 	/System/Library/PrivateFrameworks/BackBoardServices.framework/Versions/A/BackBoardServices
0x00007ff81435a000 	/System/Library/PrivateFrameworks/CorePhoneNumbers.framework/Versions/A/CorePhoneNumbers
0x00007ff8180a4000 	/System/Library/PrivateFrameworks/DiskManagement.framework/Versions/A/DiskManagement
0x00007ff817fb8000 	/System/Library/PrivateFrameworks/AppleIDAuthSupport.framework/Versions/A/AppleIDAuthSupport
0x00007ffa254ed000 	/System/Library/PrivateFrameworks/AAAFoundation.framework/Versions/A/AAAFoundation
0x00007ff81433b000 	/System/Library/PrivateFrameworks/KeychainCircle.framework/Versions/A/KeychainCircle
0x00007ff818070000 	/System/Library/PrivateFrameworks/MediaKit.framework/Versions/A/MediaKit
0x00007ff817fc4000 	/System/Library/Frameworks/DiscRecording.framework/Versions/A/DiscRecording
0x00007ff811918000 	/usr/lib/libCoreStorage.dylib
0x00007ff81a84b000 	/usr/lib/libcsfde.dylib
0x00007ff815039000 	/System/Library/PrivateFrameworks/ProtectedCloudStorage.framework/Versions/A/ProtectedCloudStorage
0x00007ff81a847000 	/System/Library/PrivateFrameworks/EFILogin.framework/Versions/A/EFILogin
0x00007ff818722000 	/System/Library/PrivateFrameworks/OctagonTrust.framework/Versions/A/OctagonTrust
0x00007ffb09fbc000 	/System/Library/PrivateFrameworks/CoreUtilsExtras.framework/Versions/A/CoreUtilsExtras
0x00007ff817eeb000 	/System/Library/Frameworks/CoreBluetooth.framework/Versions/A/CoreBluetooth
0x00007ff81aed0000 	/System/Library/Frameworks/AudioUnit.framework/Versions/A/AudioUnit
0x00007ff811910000 	/usr/lib/libMatch.1.dylib
0x00007ff9103d5000 	/System/Library/Frameworks/Accelerate.framework/Versions/A/Frameworks/vImage.framework/Versions/A/Libraries/libCGInterfaces.dylib
0x000000013572a000 	/usr/lib/libobjc-trampolines.dylib
0x00007ff80d593000 	/System/Library/PrivateFrameworks/ViewBridge.framework/Versions/A/ViewBridge
0x000000013709c000 	/Users/fairyliu/.openjfx/cache/18.0.1+2/libjavafx_font.dylib
0x00007ff812066000 	/System/Library/PrivateFrameworks/login.framework/Versions/A/login
0x000000013bb5f000 	/Users/fairyliu/.openjfx/cache/18.0.1+2/libjavafx_iio.dylib
0x00007ffb1d7a8000 	/usr/lib/libRosetta.dylib
0x00000001446fd000 	/Library/Java/JavaVirtualMachines/jdk-18.0.2.1.jdk/Contents/Home/lib/libawt.dylib
0x000000014488a000 	/Library/Java/JavaVirtualMachines/jdk-18.0.2.1.jdk/Contents/Home/lib/libmlib_image.dylib
0x00007ffa22e95000 	/System/Library/Frameworks/JavaRuntimeSupport.framework/Versions/A/JavaRuntimeSupport
0x00007ff90ae77000 	/System/Library/Frameworks/Carbon.framework/Versions/A/Carbon
0x00007ff81e760000 	/System/Library/Frameworks/Carbon.framework/Versions/A/Frameworks/CommonPanels.framework/Versions/A/CommonPanels
0x00007ff81a843000 	/System/Library/Frameworks/Carbon.framework/Versions/A/Frameworks/Help.framework/Versions/A/Help
0x00007ff81e764000 	/System/Library/Frameworks/Carbon.framework/Versions/A/Frameworks/ImageCapture.framework/Versions/A/ImageCapture
0x00007ff81e734000 	/System/Library/Frameworks/Carbon.framework/Versions/A/Frameworks/OpenScripting.framework/Versions/A/OpenScripting
0x00007ff81e75c000 	/System/Library/Frameworks/Carbon.framework/Versions/A/Frameworks/Ink.framework/Versions/A/Ink
0x00007ff90ae73000 	/System/Library/Frameworks/Carbon.framework/Versions/A/Frameworks/Print.framework/Versions/A/Print
0x00007ff81e758000 	/System/Library/Frameworks/Carbon.framework/Versions/A/Frameworks/SecurityHI.framework/Versions/A/SecurityHI
0x0000000144b0b000 	/Library/Java/JavaVirtualMachines/jdk-18.0.2.1.jdk/Contents/Home/lib/libawt_lwawt.dylib
0x0000000144683000 	/Library/Java/JavaVirtualMachines/jdk-18.0.2.1.jdk/Contents/Home/lib/libosxapp.dylib
0x00007ff90a261000 	/System/Library/Frameworks/ExceptionHandling.framework/Versions/A/ExceptionHandling
0x0000000144f7d000 	/Library/Java/JavaVirtualMachines/jdk-18.0.2.1.jdk/Contents/Home/lib/libfontmanager.dylib
0x0000000144def000 	/Library/Java/JavaVirtualMachines/jdk-18.0.2.1.jdk/Contents/Home/lib/libfreetype.dylib
0x00000001446bd000 	/Library/Java/JavaVirtualMachines/jdk-18.0.2.1.jdk/Contents/Home/lib/libosxui.dylib


VM Arguments:
jvm_args: -javaagent:/Applications/IntelliJ IDEA.app/Contents/lib/idea_rt.jar=53343:/Applications/IntelliJ IDEA.app/Contents/bin -Dfile.encoding=UTF-8 -Dsun.stdout.encoding=UTF-8 -Dsun.stderr.encoding=UTF-8 --module-path=/Users/fairyliu/Downloads/demo1/target/classes:/Users/fairyliu/.m2/repository/org/openjfx/javafx-fxml/18.0.1/javafx-fxml-18.0.1-mac.jar:/Users/fairyliu/.m2/repository/org/openjfx/javafx-base/18.0.1/javafx-base-18.0.1-mac.jar:/Users/fairyliu/.m2/repository/org/controlsfx/controlsfx/11.1.1/controlsfx-11.1.1.jar:/Users/fairyliu/.m2/repository/org/openjfx/javafx-graphics/18.0.1/javafx-graphics-18.0.1-mac.jar:/Users/fairyliu/.m2/repository/org/openjfx/javafx-controls/18.0.1/javafx-controls-18.0.1-mac.jar -Djdk.module.main=kernel 
java_command: kernel/kernel.Main
java_class_path (initial): /Users/fairyliu/.m2/repository/mysql/mysql-connector-java/8.0.30/mysql-connector-java-8.0.30.jar:/Users/fairyliu/.m2/repository/com/google/protobuf/protobuf-java/3.19.4/protobuf-java-3.19.4.jar:/Users/fairyliu/.m2/repository/org/openjfx/javafx-controls/18.0.1/javafx-controls-18.0.1.jar:/Users/fairyliu/.m2/repository/org/openjfx/javafx-graphics/18.0.1/javafx-graphics-18.0.1.jar:/Users/fairyliu/.m2/repository/org/openjfx/javafx-base/18.0.1/javafx-base-18.0.1.jar:/Users/fairyliu/.m2/repository/org/openjfx/javafx-fxml/18.0.1/javafx-fxml-18.0.1.jar:/Users/fairyliu/.m2/repository/org/kordamp/bootstrapfx/bootstrapfx-core/0.4.0/bootstrapfx-core-0.4.0.jar
Launcher Type: SUN_STANDARD

[Global flags]
     intx CICompilerCount                          = 4                                         {product} {ergonomic}
     uint ConcGCThreads                            = 2                                         {product} {ergonomic}
     uint G1ConcRefinementThreads                  = 8                                         {product} {ergonomic}
   size_t G1HeapRegionSize                         = 2097152                                   {product} {ergonomic}
    uintx GCDrainStackTargetSize                   = 64                                        {product} {ergonomic}
   size_t InitialHeapSize                          = 268435456                                 {product} {ergonomic}
   size_t MarkStackSize                            = 4194304                                   {product} {ergonomic}
   size_t MaxHeapSize                              = 4294967296                                {product} {ergonomic}
   size_t MaxNewSize                               = 2575302656                                {product} {ergonomic}
   size_t MinHeapDeltaBytes                        = 2097152                                   {product} {ergonomic}
   size_t MinHeapSize                              = 8388608                                   {product} {ergonomic}
    uintx NonNMethodCodeHeapSize                   = 5839372                                {pd product} {ergonomic}
    uintx NonProfiledCodeHeapSize                  = 122909434                              {pd product} {ergonomic}
    uintx ProfiledCodeHeapSize                     = 122909434                              {pd product} {ergonomic}
    uintx ReservedCodeCacheSize                    = 251658240                              {pd product} {ergonomic}
     bool SegmentedCodeCache                       = true                                      {product} {ergonomic}
   size_t SoftMaxHeapSize                          = 4294967296                             {manageable} {ergonomic}
     bool UseCompressedClassPointers               = true                           {product lp64_product} {ergonomic}
     bool UseCompressedOops                        = true                           {product lp64_product} {ergonomic}
     bool UseG1GC                                  = true                                      {product} {ergonomic}
     bool UseNUMA                                  = false                                     {product} {ergonomic}
     bool UseNUMAInterleaving                      = false                                     {product} {ergonomic}

Logging:
Log output configuration:
 #0: stdout all=warning uptime,level,tags foldmultilines=false
 #1: stderr all=off uptime,level,tags foldmultilines=false

Environment Variables:
PATH=/usr/local/bin:/usr/bin:/bin:/usr/sbin:/sbin
SHELL=/bin/zsh
LC_CTYPE=en_US.UTF-8

Signal Handlers:
   SIGSEGV: crash_handler in libjvm.dylib, mask=11100110100111111111111111111111, flags=SA_RESTART|SA_SIGINFO
    SIGBUS: crash_handler in libjvm.dylib, mask=11100110100111111111111111111111, flags=SA_RESTART|SA_SIGINFO
    SIGFPE: crash_handler in libjvm.dylib, mask=11100110100111111111111111111111, flags=SA_RESTART|SA_SIGINFO
   SIGPIPE: javaSignalHandler in libjvm.dylib, mask=11100110100111111111111111111111, flags=SA_RESTART|SA_SIGINFO
   SIGXFSZ: javaSignalHandler in libjvm.dylib, mask=11100110100111111111111111111111, flags=SA_RESTART|SA_SIGINFO
    SIGILL: crash_handler in libjvm.dylib, mask=11100110100111111111111111111111, flags=SA_RESTART|SA_SIGINFO
   SIGUSR2: SR_handler in libjvm.dylib, mask=00100000000000000000000000000000, flags=SA_RESTART|SA_SIGINFO
    SIGHUP: UserHandler in libjvm.dylib, mask=11100110100111111111111111111111, flags=SA_RESTART|SA_SIGINFO
    SIGINT: UserHandler in libjvm.dylib, mask=11100110100111111111111111111111, flags=SA_RESTART|SA_SIGINFO
   SIGTERM: UserHandler in libjvm.dylib, mask=11100110100111111111111111111111, flags=SA_RESTART|SA_SIGINFO
   SIGQUIT: UserHandler in libjvm.dylib, mask=11100110100111111111111111111111, flags=SA_RESTART|SA_SIGINFO
   SIGTRAP: crash_handler in libjvm.dylib, mask=11100110100111111111111111111111, flags=SA_RESTART|SA_SIGINFO


---------------  S Y S T E M  ---------------

OS:
uname: Darwin 21.4.0 Darwin Kernel Version 21.4.0: Mon Feb 21 20:35:58 PST 2022; root:xnu-8020.101.4~2/RELEASE_ARM64_T6000 x86_64
OS uptime: 0 days 3:12 hours
rlimit (soft/hard): STACK 8176k/65520k , CORE 0k/infinity , NPROC 2666/4000 , NOFILE 10240/infinity , AS infinity/infinity , CPU infinity/infinity , DATA infinity/infinity , FSIZE infinity/infinity , MEMLOCK infinity/infinity , RSS infinity/infinity
load average: 5.35 5.87 5.30

CPU: (EMULATED) total 8 (initial active 8) (1 cores per cpu, 1 threads per core) family 6 model 44 stepping 0 microcode 0x0, cx8, cmov, fxsr, mmx, sse, sse2, sse3, ssse3, sse4.1, sse4.2, popcnt, tsc, tscinvbit, aes, clmul, clflush

Memory: 4k page, physical 16777216k(171580k free), swap 0k(0k free)

vm_info: Java HotSpot(TM) 64-Bit Server VM (18.0.2.1+1-1) for bsd-amd64 JRE (18.0.2.1+1-1), built on Aug 16 2022 00:46:02 by "mach5one" with clang Apple LLVM 12.0.0 (clang-1200.0.32.29)

END.
